******************************************************************************
                  TI ARM Linker PC v18.12.5                    
******************************************************************************
>> Linked Wed Feb 19 10:34:32 2020

OUTPUT FILE NAME:   <TMS570LC43_RTOS_LEDs.out>
ENTRY POINT SYMBOL: "_c_int00"  address: 0000d354


MEMORY CONFIGURATION

         name            origin    length      used     unused   attr    fill
----------------------  --------  ---------  --------  --------  ----  --------
  VECTORS               00000000   00000020  00000020  00000000     X
  KERNEL                00000020   00008000  00005230  00002dd0  R  X
  FLASH0                00008020   001f7fe0  00005808  001f27d8  R  X
  FLASH1                00200000   00200000  00000000  00200000  R  X
  STACKS                08000000   00000800  00000000  00000800  RW  
  KRAM                  08000800   00000800  00000104  000006fc  RW  
  RAM                   08001000   0007f000  00002028  0007cfd8  RW  


SEGMENT ALLOCATION MAP

run origin  load origin   length   init length attrs members
----------  ----------- ---------- ----------- ----- -------
00000000    00000000    00005250   00005250    r-x
  00000000    00000000    00000020   00000020    r-x .intvecs
  00000020    00000020    000051e0   000051e0    r-x .kernelTEXT
  00005200    00005200    00000050   00000050    r-- .cinit
00008020    00008020    00005608   00005608    r-x
  00008020    00008020    00005608   00005608    r-x .text
0000d640    0000d640    00000200   00000200    r--
  0000d640    0000d640    00000200   00000200    r-- .const
08000800    08000800    00000104   00000000    rw-
  08000800    08000800    00000104   00000000    rw- .kernelBSS
08001000    08001000    00002028   00000000    rw-
  08001000    08001000    00002000   00000000    rw- .kernelHEAP
  08003000    08003000    00000018   00000000    rw- .data
  08003018    08003018    00000010   00000000    rw- .bss


SECTION ALLOCATION MAP

 output                                  attributes/
section   page    origin      length       input sections
--------  ----  ----------  ----------   ----------------
.intvecs   0    00000000    00000020     
                  00000000    00000020     HL_sys_intvecs.obj (.intvecs)

.kernelTEXT 
*          0    00000020    000051e0     
                  00000020    00002bdc     os_tasks.obj (.kernelTEXT)
                  00002bfc    000011dc     os_queue.obj (.kernelTEXT)
                  00003dd8    0000081c     os_event_groups.obj (.kernelTEXT)
                  000045f4    000004b0     os_portasm.obj (.kernelTEXT)
                  00004aa4    000003dc     os_port.obj (.kernelTEXT)
                  00004e80    00000380     os_heap.obj (.kernelTEXT)

.cinit     0    00005200    00000050     
                  00005200    0000000c     (__TI_handler_table)
                  0000520c    0000000b     (.cinit..data.load) [load image, compression = lzss]
                  00005217    00000009     (.cinit..kernelBSS.load) [load image, compression = lzss]
                  00005220    00000008     (.cinit..bss.load) [load image, compression = zero_init]
                  00005228    00000008     (.cinit..kernelHEAP.load) [load image, compression = zero_init]
                  00005230    00000020     (__TI_cinit_table)

.text      0    00008020    00005608     
                  00008020    000009c8     HL_pinmux.obj (.text)
                  000089e8    000009a0     os_mpu_wrappers.obj (.text)
                  00009388    0000099c     HL_system.obj (.text)
                  00009d24    0000093c     HL_sys_vim.obj (.text)
                  0000a660    0000078c     HL_esm.obj (.text)
                  0000adec    00000664     HL_errata_SSWF021_45.obj (.text)
                  0000b450    00000484     HL_gio.obj (.text)
                  0000b8d4    000003c4     HL_sys_core.obj (.text)
                  0000bc98    0000036c     HL_sys_mpu.obj (.text)
                  0000c004    0000033c     HL_sys_vim.obj (.text:retain)
                  0000c340    000002dc     HL_emif.obj (.text)
                  0000c61c    00000278     os_heap.obj (.text)
                  0000c894    00000238     os_list.obj (.text)
                  0000cacc    000001fc     HL_notification.obj (.text)
                  0000ccc8    00000180     rtsv7R4_A_be_v3D16_eabi.lib : memcpy32.asm.obj (.text)
                  0000ce48    00000178     HL_esm.obj (.text:retain)
                  0000cfc0    00000164     os_tasks.obj (.text)
                  0000d124    0000013c     os_port.obj (.text)
                  0000d260    000000f4     HL_sys_main.obj (.text)
                  0000d354    000000d8     HL_sys_startup.obj (.text:retain)
                  0000d42c    000000b0     rtsv7R4_A_be_v3D16_eabi.lib : memset32.asm.obj (.text)
                  0000d4dc    00000090                                 : copy_decompress_lzss.c.obj (.text:decompress:lzss:__TI_decompress_lzss)
                  0000d56c    00000068                                 : autoinit.c.obj (.text:__TI_auto_init_nobinit_nopinit:__TI_auto_init_nobinit_nopinit)
                  0000d5d4    00000020                                 : strlen.c.obj (.text:strlen)
                  0000d5f4    00000014                                 : copy_decompress_none.c.obj (.text:decompress:none:__TI_decompress_none)
                  0000d608    00000010                                 : copy_zero_init.c.obj (.text:decompress:ZI:__TI_zero_init)
                  0000d618    00000008                                 : exit.c.obj (.text:abort:abort)
                  0000d620    00000004     HL_sys_startup.obj (.text)
                  0000d624    00000004     HL_sys_phantom.obj (.text:retain)

.const     0    0000d640    00000200     
                  0000d640    00000200     HL_sys_vim.obj (.const:s_vim_init)

.kernelBSS 
*          0    08000800    00000104     UNINITIALIZED
                  08000800    000000d0     os_tasks.obj (.kernelBSS:uninit)
                  080008d0    00000034     os_tasks.obj (.kernelBSS:init)

.kernelHEAP 
*          0    08001000    00002000     UNINITIALIZED
                  08001000    00002000     os_heap.obj (.kernelHEAP)

.data      0    08003000    00000018     UNINITIALIZED
                  08003000    00000010     os_heap.obj (.data)
                  08003010    00000008     os_port.obj (.data)

.bss       0    08003018    00000010     UNINITIALIZED
                  08003018    00000008     os_heap.obj (.bss:xStart)
                  08003020    00000004     (.common:xTask1Handle)
                  08003024    00000004     (.common:xTask2Handle)

MODULE SUMMARY

       Module                       code    ro data   rw data
       ------                       ----    -------   -------
    .\source\
       os_tasks.obj                 11584   0         260    
       os_heap.obj                  1528    0         8216   
       os_queue.obj                 4572    0         0      
       HL_sys_vim.obj               3192    512       0      
       HL_pinmux.obj                2504    0         0      
       os_mpu_wrappers.obj          2464    0         0      
       HL_system.obj                2460    0         0      
       HL_esm.obj                   2308    0         0      
       os_event_groups.obj          2076    0         0      
       HL_errata_SSWF021_45.obj     1636    0         0      
       os_port.obj                  1304    0         8      
       os_portasm.obj               1200    0         0      
       HL_gio.obj                   1156    0         0      
       HL_sys_core.obj              964     0         0      
       HL_sys_mpu.obj               876     0         0      
       HL_emif.obj                  732     0         0      
       os_list.obj                  568     0         0      
       HL_notification.obj          508     0         0      
       HL_sys_main.obj              244     0         8      
       HL_sys_startup.obj           220     0         0      
       HL_sys_intvecs.obj           32      0         0      
       HL_sys_phantom.obj           4       0         0      
    +--+----------------------------+-------+---------+---------+
       Total:                       42132   512       8492   
                                                             
    C:\ti\ccs930\ccs\tools\compiler\ti-cgt-arm_18.12.5.LTS\lib\rtsv7R4_A_be_v3D16_eabi.lib
       memcpy32.asm.obj             384     0         0      
       memset32.asm.obj             176     0         0      
       copy_decompress_lzss.c.obj   144     0         0      
       autoinit.c.obj               104     0         0      
       strlen.c.obj                 32      0         0      
       copy_decompress_none.c.obj   20      0         0      
       copy_zero_init.c.obj         16      0         0      
       exit.c.obj                   8       0         0      
    +--+----------------------------+-------+---------+---------+
       Total:                       884     0         0      
                                                             
       Linker Generated:            0       80        0      
    +--+----------------------------+-------+---------+---------+
       Grand Total:                 43016   592       8492   


LINKER GENERATED COPY TABLES

__TI_cinit_table @ 00005230 records: 4, size/record: 8, table size: 32
	.data: load addr=0000520c, load size=0000000b bytes, run addr=08003000, run size=00000018 bytes, compression=lzss
	.kernelBSS: load addr=00005217, load size=00000009 bytes, run addr=08000800, run size=00000104 bytes, compression=lzss
	.bss: load addr=00005220, load size=00000008 bytes, run addr=08003018, run size=00000010 bytes, compression=zero_init
	.kernelHEAP: load addr=00005228, load size=00000008 bytes, run addr=08001000, run size=00002000 bytes, compression=zero_init


LINKER GENERATED HANDLER TABLE

__TI_handler_table @ 00005200 records: 3, size/record: 4, table size: 12
	index: 0, handler: __TI_decompress_lzss
	index: 1, handler: __TI_decompress_none
	index: 2, handler: __TI_zero_init


GLOBAL SYMBOLS: SORTED ALPHABETICALLY BY Name 

address   name                                  
-------   ----                                  
0000d618  C$$EXIT                               
00008bb8  MPU_eTaskGetState                     
00008d20  MPU_pcTaskGetName                     
00008e00  MPU_pvTaskGetThreadLocalStoragePointer
00008f18  MPU_ulTaskNotifyTake                  
000090d4  MPU_uxQueueMessagesWaiting            
00009108  MPU_uxQueueSpacesAvailable            
00008cf4  MPU_uxTaskGetNumberOfTasks            
00008d88  MPU_uxTaskGetStackHighWaterMark       
00008b84  MPU_uxTaskPriorityGet                 
0000935c  MPU_vEventGroupDelete                 
0000913c  MPU_vQueueDelete                      
00008a90  MPU_vTaskAllocateMPURegions           
00008af0  MPU_vTaskDelay                        
00008b1c  MPU_vTaskDelayUntil                   
00008ac4  MPU_vTaskDelete                       
00008bec  MPU_vTaskPrioritySet                  
00008c4c  MPU_vTaskResume                       
00008dbc  MPU_vTaskSetThreadLocalStoragePointer 
00008f90  MPU_vTaskSetTimeOutState              
00008c20  MPU_vTaskSuspend                      
00008c78  MPU_vTaskSuspendAll                   
00009280  MPU_xEventGroupClearBits              
000091f8  MPU_xEventGroupCreate                 
000092c4  MPU_xEventGroupSetBits                
00009308  MPU_xEventGroupSync                   
00009224  MPU_xEventGroupWaitBits               
00009168  MPU_xQueueGenericCreate               
00009080  MPU_xQueueGenericReceive              
000091b4  MPU_xQueueGenericReset                
0000902c  MPU_xQueueGenericSend                 
00008b50  MPU_xTaskAbortDelay                   
00008fbc  MPU_xTaskCheckForTimeOut              
000089e8  MPU_xTaskCreate                       
00008a4c  MPU_xTaskCreateRestricted             
00008e70  MPU_xTaskGenericNotify                
00008d54  MPU_xTaskGetHandle                    
00008e44  MPU_xTaskGetIdleTaskHandle            
00009000  MPU_xTaskGetSchedulerState            
00008cc8  MPU_xTaskGetTickCount                 
00008f5c  MPU_xTaskNotifyStateClear             
00008ec4  MPU_xTaskNotifyWait                   
00008c9c  MPU_xTaskResumeAll                    
UNDEFED   SHT$$INIT_ARRAY$$Base                 
UNDEFED   SHT$$INIT_ARRAY$$Limit                
00005230  __TI_CINIT_Base                       
00005250  __TI_CINIT_Limit                      
00005200  __TI_Handler_Table_Base               
0000520c  __TI_Handler_Table_Limit              
0000bc90  __TI_PINIT_Base                       
0000bc94  __TI_PINIT_Limit                      
0000d56c  __TI_auto_init_nobinit_nopinit        
0000d4dc  __TI_decompress_lzss                  
0000d5f4  __TI_decompress_none                  
ffffffff  __TI_pprof_out_hndl                   
ffffffff  __TI_prof_data_size                   
ffffffff  __TI_prof_data_start                  
00000000  __TI_static_base__                    
0000d608  __TI_zero_init                        
0000d42c  __aeabi_memclr                        
0000d42c  __aeabi_memclr4                       
0000d42c  __aeabi_memclr8                       
0000ccc8  __aeabi_memcpy                        
0000ccc8  __aeabi_memcpy4                       
0000ccc8  __aeabi_memcpy8                       
0000d430  __aeabi_memset                        
0000d430  __aeabi_memset4                       
0000d430  __aeabi_memset8                       
ffffffff  __binit__                             
ffffffff  __c_args__                            
0000d354  _c_int00                              
0000bc44  _cacheDisable_                        
0000bc00  _cacheEnable_                         
0000bbe0  _checkMemInitOn_                      
0000baec  _coreClearAuxiliaryDataFault_         
0000bb00  _coreClearAuxiliaryInstructionFault_  
0000bac4  _coreClearDataFaultAddress_           
0000ba9c  _coreClearDataFault_                  
0000bad8  _coreClearInstructionFaultAddress_    
0000bab0  _coreClearInstructionFault_           
0000ba74  _coreDisableEventBusExport_           
0000ba64  _coreEnableEventBusExport_            
0000ba84  _coreEnableIrqVicOffset_              
0000ba4c  _coreEnableVfp_                       
0000bae4  _coreGetAuxiliaryDataFault_           
0000baf8  _coreGetAuxiliaryInstructionFault_    
0000babc  _coreGetDataFaultAddress_             
0000ba94  _coreGetDataFault_                    
0000bad0  _coreGetInstructionFaultAddress_      
0000baa8  _coreGetInstructionFault_             
0000b8d4  _coreInitRegisters_                   
0000b9e0  _coreInitStackPointer_                
0000bc68  _dCacheInvalidate_                    
0000bb0c  _disable_IRQ_interrupt_               
0000bb14  _enable_IRQ_interrupt_                
0000bb1c  _enable_interrupt_                    
0000adec  _errata_SSWF021_45_both_plls          
0000afe0  _errata_SSWF021_45_pll1               
0000b158  _errata_SSWF021_45_pll2               
0000bb24  _esmCcmErrorsClear_                   
0000ba2c  _getCPSRValue_                        
0000ba34  _gotoCPUIdle_                         
0000bc7c  _iCacheInvalidate_                    
0000bbac  _memInit_                             
0000bfac  _mpuAreRegionsSeparate_               
0000bf90  _mpuDisableBackgroundRegion_          
0000bf68  _mpuDisable_                          
0000bf80  _mpuEnableBackgroundRegion_           
0000bf50  _mpuEnable_                           
0000bfa0  _mpuGetNumberOfRegions_               
0000bfd0  _mpuGetRegionBaseAddress_             
0000bff0  _mpuGetRegionPermission_              
0000bfe4  _mpuGetRegionType_                    
0000bfc0  _mpuGetRegion_                        
0000bc98  _mpuInit_                             
0000bfc8  _mpuSetRegionBaseAddress_             
0000bffc  _mpuSetRegionSizeRegister_            
0000bfd8  _mpuSetRegionTypeAndPermission_       
0000bfb8  _mpuSetRegion_                        
UNDEFED   _system_post_cinit                    
0000d618  abort                                 
0000cb18  adcNotification                       
ffffffff  binit                                 
0000cb2c  canErrorNotification                  
0000cb54  canMessageNotification                
0000cb40  canStatusChangeNotification           
0000cc34  crcNotification                       
00009c7c  customTrimLPO                         
0000cb68  dccNotification                       
0000cb04  dmaGroupANotification                 
00001f18  eTaskConfirmSleepModeStatus           
00000890  eTaskGetState                         
0000cc80  ecapNotification                      
0000cc0c  edgeNotification                      
0000ccb8  emacRxNotification                    
0000cca8  emacTxNotification                    
0000c428  emifGetConfigValue                    
0000c344  emif_ASYNC1Init                       
0000c390  emif_ASYNC2Init                       
0000c3dc  emif_ASYNC3Init                       
0000c340  emif_SDRAMInit                        
0000c580  emif_SDRAM_StartupInit                
0000cc94  epcCAMFullNotification                
0000cc98  epcFIFOFullNotification               
0000cc6c  eqepNotification                      
0000a870  esmActivateNormalOperation            
0000a9bc  esmClearStatus                        
0000aa20  esmClearStatusBuffer                  
0000a9fc  esmClearStatusUpper                   
0000a81c  esmDisableError                       
0000a844  esmDisableErrorUpper                  
0000a8c4  esmDisableInterrupt                   
0000a8ec  esmDisableInterruptUpper              
0000a7d8  esmEnableError                        
0000a800  esmEnableErrorUpper                   
0000a880  esmEnableInterrupt                    
0000a8a8  esmEnableInterruptUpper               
0000ab50  esmEnterSelfTest                      
0000a7bc  esmError                              
0000ac28  esmGetConfigValue                     
0000aa5c  esmGetStatus                          
0000ab28  esmGetStatusBuffer                    
0000aae0  esmGetStatusUpper                     
0000cacc  esmGroup1Notification                 
0000cae0  esmGroup2Notification                 
0000caf4  esmGroup3Notification                 
0000ce48  esmHighInterrupt                      
0000a660  esmInit                               
0000abd8  esmSelfTestStatus                     
0000aa3c  esmSetCounterPreloadValue             
0000a908  esmSetInterruptLevel                  
0000a97c  esmSetInterruptLevelUpper             
0000a860  esmTriggerErrorPinReset               
0000cc48  etpwmNotification                     
0000cc58  etpwmTripNotification                 
00009724  getResetSource                        
0000b6b0  gioDisableNotification                
0000b648  gioEnableNotification                 
0000b5b0  gioGetBit                             
0000b718  gioGetConfigValue                     
0000b5d8  gioGetPort                            
0000b450  gioInit                               
0000cb7c  gioNotification                       
0000b540  gioSetBit                             
0000b520  gioSetDirection                       
0000b590  gioSetPort                            
0000b5f0  gioToggleBit                          
0000d620  handlePLLLockFail                     
0000cc20  hetNotification                       
0000cb90  i2cNotification                       
0000cba4  linNotification                       
0000d2c0  main                                  
00009550  mapClocks                             
0000ccc8  memcpy                                
0000d43c  memset                                
0000cbcc  mibspiGroupNotification               
0000cbb8  mibspiNotification                    
00008020  muxInit                               
00001354  pcTaskGetName                         
0000949c  periphInit                            
0000d624  phantomInterrupt                      
00004a7c  prvMpuDisable                         
00004a64  prvMpuEnable                          
00004a4c  prvMpuSetRegion                       
00004e80  pvPortMalloc                          
00001ff8  pvTaskGetThreadLocalStoragePointer    
0000cbf4  pwmNotification                       
080008d0  pxCurrentTCB                          
00004aa4  pxPortInitialiseStack                 
00000000  resetEntry                            
0000cbe0  sciNotification                       
0000945c  setupFlash                            
00009388  setupPLL                              
0000d5d4  strlen                                
0000984c  systemGetConfigValue                  
0000967c  systemInit                            
000096f4  systemPowerDown                       
000093e8  trimLPO                               
08003010  ulCriticalNesting                     
00004974  ulPortCountLeadingZeros               
08003014  ulTaskHasFPUContext                   
00002390  ulTaskNotifyTake                      
0000ca40  uxListRemove                          
00003910  uxQueueMessagesWaiting                
00003994  uxQueueMessagesWaitingFromISR         
00003948  uxQueueSpacesAvailable                
00001348  uxTaskGetNumberOfTasks                
0000223c  uxTaskGetStackHighWaterMark           
00000994  uxTaskPriorityGet                     
000009d8  uxTaskPriorityGetFromISR              
00002354  uxTaskResetEventItemValue             
0000456c  vEventGroupClearBitsCallback          
000044cc  vEventGroupDelete                     
00004550  vEventGroupSetBitsCallback            
0000c894  vListInitialise                       
0000c8ec  vListInitialiseItem                   
0000c97c  vListInsert                           
0000c908  vListInsertEnd                        
00004e4c  vPortEndScheduler                     
000050d8  vPortFree                             
000051e8  vPortInitialiseBlocks                 
00004968  vPortInitialiseFPSCR                  
00004868  vPortPreemptiveTick                   
0000497c  vPortSWI                              
000045f8  vPortStartFirstTask                   
00004bb8  vPortStoreTaskMPUSettings             
00004774  vPortYeildWithinAPI                   
00004688  vPortYieldProcessor                   
000039c4  vQueueDelete                          
0000d260  vTask1                                
0000d290  vTask2                                
00002064  vTaskAllocateMPURegions               
0000080c  vTaskDelay                            
000006a0  vTaskDelayUntil                       
00000538  vTaskDelete                           
00001084  vTaskEndScheduler                     
00001f08  vTaskMissedYield                      
00002954  vTaskNotifyGiveFromISR                
00001ad0  vTaskPlaceOnEventList                 
00001b14  vTaskPlaceOnUnorderedEventList        
00000a20  vTaskPrioritySet                      
00000e20  vTaskResume                           
00001f94  vTaskSetThreadLocalStoragePointer     
00001d90  vTaskSetTimeOutState                  
00000fec  vTaskStartScheduler                   
0000166c  vTaskStepTick                         
00000c18  vTaskSuspend                          
000010a0  vTaskSuspendAll                       
000019f0  vTaskSwitchContext                    
00009df8  vimChannelMap                         
0000a064  vimDisableInterrupt                   
0000c004  vimECCErrorHandler                    
00009e9c  vimEnableInterrupt                    
0000a110  vimGetConfigValue                     
00009d24  vimInit                               
00004268  xEventGroupClearBits                  
00003dd8  xEventGroupCreate                     
000042ec  xEventGroupGetBitsFromISR             
0000431c  xEventGroupSetBits                    
00003e14  xEventGroupSync                       
00004014  xEventGroupWaitBits                   
000051d0  xPortGetFreeHeapSize                  
000051dc  xPortGetMinimumEverFreeHeapSize       
00004e2c  xPortStartScheduler                   
00002d24  xQueueGenericCreate                   
000033fc  xQueueGenericReceive                  
00002bfc  xQueueGenericReset                    
00002e40  xQueueGenericSend                     
00003100  xQueueGenericSendFromISR              
00003290  xQueueGiveFromISR                     
00003cfc  xQueueIsQueueEmptyFromISR             
00003d88  xQueueIsQueueFullFromISR              
0000381c  xQueuePeekFromISR                     
000036d4  xQueueReceiveFromISR                  
08003020  xTask1Handle                          
08003024  xTask2Handle                          
000016c8  xTaskAbortDelay                       
00001dd0  xTaskCheckForTimeOut                  
000000fc  xTaskCreate                           
00000020  xTaskCreateRestricted                 
00002580  xTaskGenericNotify                    
00002754  xTaskGenericNotifyFromISR             
0000152c  xTaskGetHandle                        
00001634  xTaskGetIdleTaskHandle                
00002304  xTaskGetSchedulerState                
00001308  xTaskGetTickCount                     
00001324  xTaskGetTickCountFromISR              
000017c8  xTaskIncrementTick                    
0000d0a8  xTaskNotifyStateClear                 
00002468  xTaskNotifyWait                       
00001b98  xTaskRemoveFromEventList              
00001c88  xTaskRemoveFromUnorderedEventList     
00001158  xTaskResumeAll                        
00000f04  xTaskResumeFromISR                    


GLOBAL SYMBOLS: SORTED BY Symbol Address 

address   name                                  
-------   ----                                  
00000000  __TI_static_base__                    
00000000  resetEntry                            
00000020  xTaskCreateRestricted                 
000000fc  xTaskCreate                           
00000538  vTaskDelete                           
000006a0  vTaskDelayUntil                       
0000080c  vTaskDelay                            
00000890  eTaskGetState                         
00000994  uxTaskPriorityGet                     
000009d8  uxTaskPriorityGetFromISR              
00000a20  vTaskPrioritySet                      
00000c18  vTaskSuspend                          
00000e20  vTaskResume                           
00000f04  xTaskResumeFromISR                    
00000fec  vTaskStartScheduler                   
00001084  vTaskEndScheduler                     
000010a0  vTaskSuspendAll                       
00001158  xTaskResumeAll                        
00001308  xTaskGetTickCount                     
00001324  xTaskGetTickCountFromISR              
00001348  uxTaskGetNumberOfTasks                
00001354  pcTaskGetName                         
0000152c  xTaskGetHandle                        
00001634  xTaskGetIdleTaskHandle                
0000166c  vTaskStepTick                         
000016c8  xTaskAbortDelay                       
000017c8  xTaskIncrementTick                    
000019f0  vTaskSwitchContext                    
00001ad0  vTaskPlaceOnEventList                 
00001b14  vTaskPlaceOnUnorderedEventList        
00001b98  xTaskRemoveFromEventList              
00001c88  xTaskRemoveFromUnorderedEventList     
00001d90  vTaskSetTimeOutState                  
00001dd0  xTaskCheckForTimeOut                  
00001f08  vTaskMissedYield                      
00001f18  eTaskConfirmSleepModeStatus           
00001f94  vTaskSetThreadLocalStoragePointer     
00001ff8  pvTaskGetThreadLocalStoragePointer    
00002064  vTaskAllocateMPURegions               
0000223c  uxTaskGetStackHighWaterMark           
00002304  xTaskGetSchedulerState                
00002354  uxTaskResetEventItemValue             
00002390  ulTaskNotifyTake                      
00002468  xTaskNotifyWait                       
00002580  xTaskGenericNotify                    
00002754  xTaskGenericNotifyFromISR             
00002954  vTaskNotifyGiveFromISR                
00002bfc  xQueueGenericReset                    
00002d24  xQueueGenericCreate                   
00002e40  xQueueGenericSend                     
00003100  xQueueGenericSendFromISR              
00003290  xQueueGiveFromISR                     
000033fc  xQueueGenericReceive                  
000036d4  xQueueReceiveFromISR                  
0000381c  xQueuePeekFromISR                     
00003910  uxQueueMessagesWaiting                
00003948  uxQueueSpacesAvailable                
00003994  uxQueueMessagesWaitingFromISR         
000039c4  vQueueDelete                          
00003cfc  xQueueIsQueueEmptyFromISR             
00003d88  xQueueIsQueueFullFromISR              
00003dd8  xEventGroupCreate                     
00003e14  xEventGroupSync                       
00004014  xEventGroupWaitBits                   
00004268  xEventGroupClearBits                  
000042ec  xEventGroupGetBitsFromISR             
0000431c  xEventGroupSetBits                    
000044cc  vEventGroupDelete                     
00004550  vEventGroupSetBitsCallback            
0000456c  vEventGroupClearBitsCallback          
000045f8  vPortStartFirstTask                   
00004688  vPortYieldProcessor                   
00004774  vPortYeildWithinAPI                   
00004868  vPortPreemptiveTick                   
00004968  vPortInitialiseFPSCR                  
00004974  ulPortCountLeadingZeros               
0000497c  vPortSWI                              
00004a4c  prvMpuSetRegion                       
00004a64  prvMpuEnable                          
00004a7c  prvMpuDisable                         
00004aa4  pxPortInitialiseStack                 
00004bb8  vPortStoreTaskMPUSettings             
00004e2c  xPortStartScheduler                   
00004e4c  vPortEndScheduler                     
00004e80  pvPortMalloc                          
000050d8  vPortFree                             
000051d0  xPortGetFreeHeapSize                  
000051dc  xPortGetMinimumEverFreeHeapSize       
000051e8  vPortInitialiseBlocks                 
00005200  __TI_Handler_Table_Base               
0000520c  __TI_Handler_Table_Limit              
00005230  __TI_CINIT_Base                       
00005250  __TI_CINIT_Limit                      
00008020  muxInit                               
000089e8  MPU_xTaskCreate                       
00008a4c  MPU_xTaskCreateRestricted             
00008a90  MPU_vTaskAllocateMPURegions           
00008ac4  MPU_vTaskDelete                       
00008af0  MPU_vTaskDelay                        
00008b1c  MPU_vTaskDelayUntil                   
00008b50  MPU_xTaskAbortDelay                   
00008b84  MPU_uxTaskPriorityGet                 
00008bb8  MPU_eTaskGetState                     
00008bec  MPU_vTaskPrioritySet                  
00008c20  MPU_vTaskSuspend                      
00008c4c  MPU_vTaskResume                       
00008c78  MPU_vTaskSuspendAll                   
00008c9c  MPU_xTaskResumeAll                    
00008cc8  MPU_xTaskGetTickCount                 
00008cf4  MPU_uxTaskGetNumberOfTasks            
00008d20  MPU_pcTaskGetName                     
00008d54  MPU_xTaskGetHandle                    
00008d88  MPU_uxTaskGetStackHighWaterMark       
00008dbc  MPU_vTaskSetThreadLocalStoragePointer 
00008e00  MPU_pvTaskGetThreadLocalStoragePointer
00008e44  MPU_xTaskGetIdleTaskHandle            
00008e70  MPU_xTaskGenericNotify                
00008ec4  MPU_xTaskNotifyWait                   
00008f18  MPU_ulTaskNotifyTake                  
00008f5c  MPU_xTaskNotifyStateClear             
00008f90  MPU_vTaskSetTimeOutState              
00008fbc  MPU_xTaskCheckForTimeOut              
00009000  MPU_xTaskGetSchedulerState            
0000902c  MPU_xQueueGenericSend                 
00009080  MPU_xQueueGenericReceive              
000090d4  MPU_uxQueueMessagesWaiting            
00009108  MPU_uxQueueSpacesAvailable            
0000913c  MPU_vQueueDelete                      
00009168  MPU_xQueueGenericCreate               
000091b4  MPU_xQueueGenericReset                
000091f8  MPU_xEventGroupCreate                 
00009224  MPU_xEventGroupWaitBits               
00009280  MPU_xEventGroupClearBits              
000092c4  MPU_xEventGroupSetBits                
00009308  MPU_xEventGroupSync                   
0000935c  MPU_vEventGroupDelete                 
00009388  setupPLL                              
000093e8  trimLPO                               
0000945c  setupFlash                            
0000949c  periphInit                            
00009550  mapClocks                             
0000967c  systemInit                            
000096f4  systemPowerDown                       
00009724  getResetSource                        
0000984c  systemGetConfigValue                  
00009c7c  customTrimLPO                         
00009d24  vimInit                               
00009df8  vimChannelMap                         
00009e9c  vimEnableInterrupt                    
0000a064  vimDisableInterrupt                   
0000a110  vimGetConfigValue                     
0000a660  esmInit                               
0000a7bc  esmError                              
0000a7d8  esmEnableError                        
0000a800  esmEnableErrorUpper                   
0000a81c  esmDisableError                       
0000a844  esmDisableErrorUpper                  
0000a860  esmTriggerErrorPinReset               
0000a870  esmActivateNormalOperation            
0000a880  esmEnableInterrupt                    
0000a8a8  esmEnableInterruptUpper               
0000a8c4  esmDisableInterrupt                   
0000a8ec  esmDisableInterruptUpper              
0000a908  esmSetInterruptLevel                  
0000a97c  esmSetInterruptLevelUpper             
0000a9bc  esmClearStatus                        
0000a9fc  esmClearStatusUpper                   
0000aa20  esmClearStatusBuffer                  
0000aa3c  esmSetCounterPreloadValue             
0000aa5c  esmGetStatus                          
0000aae0  esmGetStatusUpper                     
0000ab28  esmGetStatusBuffer                    
0000ab50  esmEnterSelfTest                      
0000abd8  esmSelfTestStatus                     
0000ac28  esmGetConfigValue                     
0000adec  _errata_SSWF021_45_both_plls          
0000afe0  _errata_SSWF021_45_pll1               
0000b158  _errata_SSWF021_45_pll2               
0000b450  gioInit                               
0000b520  gioSetDirection                       
0000b540  gioSetBit                             
0000b590  gioSetPort                            
0000b5b0  gioGetBit                             
0000b5d8  gioGetPort                            
0000b5f0  gioToggleBit                          
0000b648  gioEnableNotification                 
0000b6b0  gioDisableNotification                
0000b718  gioGetConfigValue                     
0000b8d4  _coreInitRegisters_                   
0000b9e0  _coreInitStackPointer_                
0000ba2c  _getCPSRValue_                        
0000ba34  _gotoCPUIdle_                         
0000ba4c  _coreEnableVfp_                       
0000ba64  _coreEnableEventBusExport_            
0000ba74  _coreDisableEventBusExport_           
0000ba84  _coreEnableIrqVicOffset_              
0000ba94  _coreGetDataFault_                    
0000ba9c  _coreClearDataFault_                  
0000baa8  _coreGetInstructionFault_             
0000bab0  _coreClearInstructionFault_           
0000babc  _coreGetDataFaultAddress_             
0000bac4  _coreClearDataFaultAddress_           
0000bad0  _coreGetInstructionFaultAddress_      
0000bad8  _coreClearInstructionFaultAddress_    
0000bae4  _coreGetAuxiliaryDataFault_           
0000baec  _coreClearAuxiliaryDataFault_         
0000baf8  _coreGetAuxiliaryInstructionFault_    
0000bb00  _coreClearAuxiliaryInstructionFault_  
0000bb0c  _disable_IRQ_interrupt_               
0000bb14  _enable_IRQ_interrupt_                
0000bb1c  _enable_interrupt_                    
0000bb24  _esmCcmErrorsClear_                   
0000bbac  _memInit_                             
0000bbe0  _checkMemInitOn_                      
0000bc00  _cacheEnable_                         
0000bc44  _cacheDisable_                        
0000bc68  _dCacheInvalidate_                    
0000bc7c  _iCacheInvalidate_                    
0000bc90  __TI_PINIT_Base                       
0000bc94  __TI_PINIT_Limit                      
0000bc98  _mpuInit_                             
0000bf50  _mpuEnable_                           
0000bf68  _mpuDisable_                          
0000bf80  _mpuEnableBackgroundRegion_           
0000bf90  _mpuDisableBackgroundRegion_          
0000bfa0  _mpuGetNumberOfRegions_               
0000bfac  _mpuAreRegionsSeparate_               
0000bfb8  _mpuSetRegion_                        
0000bfc0  _mpuGetRegion_                        
0000bfc8  _mpuSetRegionBaseAddress_             
0000bfd0  _mpuGetRegionBaseAddress_             
0000bfd8  _mpuSetRegionTypeAndPermission_       
0000bfe4  _mpuGetRegionType_                    
0000bff0  _mpuGetRegionPermission_              
0000bffc  _mpuSetRegionSizeRegister_            
0000c004  vimECCErrorHandler                    
0000c340  emif_SDRAMInit                        
0000c344  emif_ASYNC1Init                       
0000c390  emif_ASYNC2Init                       
0000c3dc  emif_ASYNC3Init                       
0000c428  emifGetConfigValue                    
0000c580  emif_SDRAM_StartupInit                
0000c894  vListInitialise                       
0000c8ec  vListInitialiseItem                   
0000c908  vListInsertEnd                        
0000c97c  vListInsert                           
0000ca40  uxListRemove                          
0000cacc  esmGroup1Notification                 
0000cae0  esmGroup2Notification                 
0000caf4  esmGroup3Notification                 
0000cb04  dmaGroupANotification                 
0000cb18  adcNotification                       
0000cb2c  canErrorNotification                  
0000cb40  canStatusChangeNotification           
0000cb54  canMessageNotification                
0000cb68  dccNotification                       
0000cb7c  gioNotification                       
0000cb90  i2cNotification                       
0000cba4  linNotification                       
0000cbb8  mibspiNotification                    
0000cbcc  mibspiGroupNotification               
0000cbe0  sciNotification                       
0000cbf4  pwmNotification                       
0000cc0c  edgeNotification                      
0000cc20  hetNotification                       
0000cc34  crcNotification                       
0000cc48  etpwmNotification                     
0000cc58  etpwmTripNotification                 
0000cc6c  eqepNotification                      
0000cc80  ecapNotification                      
0000cc94  epcCAMFullNotification                
0000cc98  epcFIFOFullNotification               
0000cca8  emacTxNotification                    
0000ccb8  emacRxNotification                    
0000ccc8  __aeabi_memcpy                        
0000ccc8  __aeabi_memcpy4                       
0000ccc8  __aeabi_memcpy8                       
0000ccc8  memcpy                                
0000ce48  esmHighInterrupt                      
0000d0a8  xTaskNotifyStateClear                 
0000d260  vTask1                                
0000d290  vTask2                                
0000d2c0  main                                  
0000d354  _c_int00                              
0000d42c  __aeabi_memclr                        
0000d42c  __aeabi_memclr4                       
0000d42c  __aeabi_memclr8                       
0000d430  __aeabi_memset                        
0000d430  __aeabi_memset4                       
0000d430  __aeabi_memset8                       
0000d43c  memset                                
0000d4dc  __TI_decompress_lzss                  
0000d56c  __TI_auto_init_nobinit_nopinit        
0000d5d4  strlen                                
0000d5f4  __TI_decompress_none                  
0000d608  __TI_zero_init                        
0000d618  C$$EXIT                               
0000d618  abort                                 
0000d620  handlePLLLockFail                     
0000d624  phantomInterrupt                      
080008d0  pxCurrentTCB                          
08003010  ulCriticalNesting                     
08003014  ulTaskHasFPUContext                   
08003020  xTask1Handle                          
08003024  xTask2Handle                          
ffffffff  __TI_pprof_out_hndl                   
ffffffff  __TI_prof_data_size                   
ffffffff  __TI_prof_data_start                  
ffffffff  __binit__                             
ffffffff  __c_args__                            
ffffffff  binit                                 
UNDEFED   SHT$$INIT_ARRAY$$Base                 
UNDEFED   SHT$$INIT_ARRAY$$Limit                
UNDEFED   _system_post_cinit                    

[314 symbols]
