<?xml version="1.0" encoding="ISO-8859-1" ?>
<link_info>
   <banner>TI ARM Linker PC v18.12.5.LTS</banner>
   <copyright>Copyright (c) 1996-2018 Texas Instruments Incorporated</copyright>
   <link_time>0x5e4d83db</link_time>
   <link_errors>0x0</link_errors>
   <output_file>TMS570LC43_RTOS_LEDs.out</output_file>
   <entry_point>
      <name>_c_int00</name>
      <address>0xb134</address>
   </entry_point>
   <input_file_list>
      <input_file id="fl-2">
         <path>.\source\</path>
         <kind>object</kind>
         <file>HL_adc.obj</file>
         <name>HL_adc.obj</name>
      </input_file>
      <input_file id="fl-3">
         <path>.\source\</path>
         <kind>object</kind>
         <file>HL_can.obj</file>
         <name>HL_can.obj</name>
      </input_file>
      <input_file id="fl-4">
         <path>.\source\</path>
         <kind>object</kind>
         <file>HL_crc.obj</file>
         <name>HL_crc.obj</name>
      </input_file>
      <input_file id="fl-5">
         <path>.\source\</path>
         <kind>object</kind>
         <file>HL_dcc.obj</file>
         <name>HL_dcc.obj</name>
      </input_file>
      <input_file id="fl-6">
         <path>.\source\</path>
         <kind>object</kind>
         <file>HL_ecap.obj</file>
         <name>HL_ecap.obj</name>
      </input_file>
      <input_file id="fl-7">
         <path>.\source\</path>
         <kind>object</kind>
         <file>HL_emac.obj</file>
         <name>HL_emac.obj</name>
      </input_file>
      <input_file id="fl-8">
         <path>.\source\</path>
         <kind>object</kind>
         <file>HL_emif.obj</file>
         <name>HL_emif.obj</name>
      </input_file>
      <input_file id="fl-9">
         <path>.\source\</path>
         <kind>object</kind>
         <file>HL_epc.obj</file>
         <name>HL_epc.obj</name>
      </input_file>
      <input_file id="fl-a">
         <path>.\source\</path>
         <kind>object</kind>
         <file>HL_eqep.obj</file>
         <name>HL_eqep.obj</name>
      </input_file>
      <input_file id="fl-b">
         <path>.\source\</path>
         <kind>object</kind>
         <file>HL_errata.obj</file>
         <name>HL_errata.obj</name>
      </input_file>
      <input_file id="fl-c">
         <path>.\source\</path>
         <kind>object</kind>
         <file>HL_errata_SSWF021_45.obj</file>
         <name>HL_errata_SSWF021_45.obj</name>
      </input_file>
      <input_file id="fl-d">
         <path>.\source\</path>
         <kind>object</kind>
         <file>HL_esm.obj</file>
         <name>HL_esm.obj</name>
      </input_file>
      <input_file id="fl-e">
         <path>.\source\</path>
         <kind>object</kind>
         <file>HL_etpwm.obj</file>
         <name>HL_etpwm.obj</name>
      </input_file>
      <input_file id="fl-f">
         <path>.\source\</path>
         <kind>object</kind>
         <file>HL_gio.obj</file>
         <name>HL_gio.obj</name>
      </input_file>
      <input_file id="fl-10">
         <path>.\source\</path>
         <kind>object</kind>
         <file>HL_het.obj</file>
         <name>HL_het.obj</name>
      </input_file>
      <input_file id="fl-11">
         <path>.\source\</path>
         <kind>object</kind>
         <file>HL_i2c.obj</file>
         <name>HL_i2c.obj</name>
      </input_file>
      <input_file id="fl-12">
         <path>.\source\</path>
         <kind>object</kind>
         <file>HL_lin.obj</file>
         <name>HL_lin.obj</name>
      </input_file>
      <input_file id="fl-13">
         <path>.\source\</path>
         <kind>object</kind>
         <file>HL_mdio.obj</file>
         <name>HL_mdio.obj</name>
      </input_file>
      <input_file id="fl-14">
         <path>.\source\</path>
         <kind>object</kind>
         <file>HL_mibspi.obj</file>
         <name>HL_mibspi.obj</name>
      </input_file>
      <input_file id="fl-15">
         <path>.\source\</path>
         <kind>object</kind>
         <file>HL_nmpu.obj</file>
         <name>HL_nmpu.obj</name>
      </input_file>
      <input_file id="fl-16">
         <path>.\source\</path>
         <kind>object</kind>
         <file>HL_notification.obj</file>
         <name>HL_notification.obj</name>
      </input_file>
      <input_file id="fl-17">
         <path>.\source\</path>
         <kind>object</kind>
         <file>HL_phy_dp83640.obj</file>
         <name>HL_phy_dp83640.obj</name>
      </input_file>
      <input_file id="fl-18">
         <path>.\source\</path>
         <kind>object</kind>
         <file>HL_phy_tlk111.obj</file>
         <name>HL_phy_tlk111.obj</name>
      </input_file>
      <input_file id="fl-19">
         <path>.\source\</path>
         <kind>object</kind>
         <file>HL_pinmux.obj</file>
         <name>HL_pinmux.obj</name>
      </input_file>
      <input_file id="fl-1a">
         <path>.\source\</path>
         <kind>object</kind>
         <file>HL_pom.obj</file>
         <name>HL_pom.obj</name>
      </input_file>
      <input_file id="fl-1b">
         <path>.\source\</path>
         <kind>object</kind>
         <file>HL_sci.obj</file>
         <name>HL_sci.obj</name>
      </input_file>
      <input_file id="fl-1c">
         <path>.\source\</path>
         <kind>object</kind>
         <file>HL_sys_core.obj</file>
         <name>HL_sys_core.obj</name>
      </input_file>
      <input_file id="fl-1d">
         <path>.\source\</path>
         <kind>object</kind>
         <file>HL_sys_dma.obj</file>
         <name>HL_sys_dma.obj</name>
      </input_file>
      <input_file id="fl-1e">
         <path>.\source\</path>
         <kind>object</kind>
         <file>HL_sys_intvecs.obj</file>
         <name>HL_sys_intvecs.obj</name>
      </input_file>
      <input_file id="fl-1f">
         <path>.\source\</path>
         <kind>object</kind>
         <file>HL_sys_main.obj</file>
         <name>HL_sys_main.obj</name>
      </input_file>
      <input_file id="fl-20">
         <path>.\source\</path>
         <kind>object</kind>
         <file>HL_sys_mpu.obj</file>
         <name>HL_sys_mpu.obj</name>
      </input_file>
      <input_file id="fl-21">
         <path>.\source\</path>
         <kind>object</kind>
         <file>HL_sys_pcr.obj</file>
         <name>HL_sys_pcr.obj</name>
      </input_file>
      <input_file id="fl-22">
         <path>.\source\</path>
         <kind>object</kind>
         <file>HL_sys_phantom.obj</file>
         <name>HL_sys_phantom.obj</name>
      </input_file>
      <input_file id="fl-23">
         <path>.\source\</path>
         <kind>object</kind>
         <file>HL_sys_pmm.obj</file>
         <name>HL_sys_pmm.obj</name>
      </input_file>
      <input_file id="fl-24">
         <path>.\source\</path>
         <kind>object</kind>
         <file>HL_sys_pmu.obj</file>
         <name>HL_sys_pmu.obj</name>
      </input_file>
      <input_file id="fl-25">
         <path>.\source\</path>
         <kind>object</kind>
         <file>HL_sys_startup.obj</file>
         <name>HL_sys_startup.obj</name>
      </input_file>
      <input_file id="fl-26">
         <path>.\source\</path>
         <kind>object</kind>
         <file>HL_sys_vim.obj</file>
         <name>HL_sys_vim.obj</name>
      </input_file>
      <input_file id="fl-27">
         <path>.\source\</path>
         <kind>object</kind>
         <file>HL_system.obj</file>
         <name>HL_system.obj</name>
      </input_file>
      <input_file id="fl-28">
         <path>.\source\</path>
         <kind>object</kind>
         <file>os_croutine.obj</file>
         <name>os_croutine.obj</name>
      </input_file>
      <input_file id="fl-29">
         <path>.\source\</path>
         <kind>object</kind>
         <file>os_event_groups.obj</file>
         <name>os_event_groups.obj</name>
      </input_file>
      <input_file id="fl-2a">
         <path>.\source\</path>
         <kind>object</kind>
         <file>os_heap.obj</file>
         <name>os_heap.obj</name>
      </input_file>
      <input_file id="fl-2b">
         <path>.\source\</path>
         <kind>object</kind>
         <file>os_list.obj</file>
         <name>os_list.obj</name>
      </input_file>
      <input_file id="fl-2c">
         <path>.\source\</path>
         <kind>object</kind>
         <file>os_mpu_wrappers.obj</file>
         <name>os_mpu_wrappers.obj</name>
      </input_file>
      <input_file id="fl-2d">
         <path>.\source\</path>
         <kind>object</kind>
         <file>os_port.obj</file>
         <name>os_port.obj</name>
      </input_file>
      <input_file id="fl-2e">
         <path>.\source\</path>
         <kind>object</kind>
         <file>os_portasm.obj</file>
         <name>os_portasm.obj</name>
      </input_file>
      <input_file id="fl-2f">
         <path>.\source\</path>
         <kind>object</kind>
         <file>os_queue.obj</file>
         <name>os_queue.obj</name>
      </input_file>
      <input_file id="fl-30">
         <path>.\source\</path>
         <kind>object</kind>
         <file>os_tasks.obj</file>
         <name>os_tasks.obj</name>
      </input_file>
      <input_file id="fl-31">
         <path>.\source\</path>
         <kind>object</kind>
         <file>os_timer.obj</file>
         <name>os_timer.obj</name>
      </input_file>
      <input_file id="fl-35">
         <kind>object</kind>
         <file>&lt;internal&gt;</file>
         <name>&lt;internal&gt;</name>
      </input_file>
      <input_file id="fl-eb">
         <path>C:\ti\ccs930\ccs\tools\compiler\ti-cgt-arm_18.12.5.LTS\lib\</path>
         <kind>archive</kind>
         <file>rtsv7R4_A_be_v3D16_eabi.lib</file>
         <name>s_floor.c.obj</name>
      </input_file>
      <input_file id="fl-ec">
         <path>C:\ti\ccs930\ccs\tools\compiler\ti-cgt-arm_18.12.5.LTS\lib\</path>
         <kind>archive</kind>
         <file>rtsv7R4_A_be_v3D16_eabi.lib</file>
         <name>u_div32.asm.obj</name>
      </input_file>
      <input_file id="fl-ed">
         <path>C:\ti\ccs930\ccs\tools\compiler\ti-cgt-arm_18.12.5.LTS\lib\</path>
         <kind>archive</kind>
         <file>rtsv7R4_A_be_v3D16_eabi.lib</file>
         <name>memcpy32.asm.obj</name>
      </input_file>
      <input_file id="fl-ee">
         <path>C:\ti\ccs930\ccs\tools\compiler\ti-cgt-arm_18.12.5.LTS\lib\</path>
         <kind>archive</kind>
         <file>rtsv7R4_A_be_v3D16_eabi.lib</file>
         <name>memset32.asm.obj</name>
      </input_file>
      <input_file id="fl-ef">
         <path>C:\ti\ccs930\ccs\tools\compiler\ti-cgt-arm_18.12.5.LTS\lib\</path>
         <kind>archive</kind>
         <file>rtsv7R4_A_be_v3D16_eabi.lib</file>
         <name>autoinit.c.obj</name>
      </input_file>
      <input_file id="fl-f0">
         <path>C:\ti\ccs930\ccs\tools\compiler\ti-cgt-arm_18.12.5.LTS\lib\</path>
         <kind>archive</kind>
         <file>rtsv7R4_A_be_v3D16_eabi.lib</file>
         <name>cpy_tbl.c.obj</name>
      </input_file>
      <input_file id="fl-f1">
         <path>C:\ti\ccs930\ccs\tools\compiler\ti-cgt-arm_18.12.5.LTS\lib\</path>
         <kind>archive</kind>
         <file>rtsv7R4_A_be_v3D16_eabi.lib</file>
         <name>copy_zero_init.c.obj</name>
      </input_file>
      <input_file id="fl-f2">
         <path>C:\ti\ccs930\ccs\tools\compiler\ti-cgt-arm_18.12.5.LTS\lib\</path>
         <kind>archive</kind>
         <file>rtsv7R4_A_be_v3D16_eabi.lib</file>
         <name>copy_decompress_none.c.obj</name>
      </input_file>
      <input_file id="fl-f3">
         <path>C:\ti\ccs930\ccs\tools\compiler\ti-cgt-arm_18.12.5.LTS\lib\</path>
         <kind>archive</kind>
         <file>rtsv7R4_A_be_v3D16_eabi.lib</file>
         <name>copy_decompress_lzss.c.obj</name>
      </input_file>
      <input_file id="fl-f4">
         <path>C:\ti\ccs930\ccs\tools\compiler\ti-cgt-arm_18.12.5.LTS\lib\</path>
         <kind>archive</kind>
         <file>rtsv7R4_A_be_v3D16_eabi.lib</file>
         <name>exit.c.obj</name>
      </input_file>
      <input_file id="fl-f5">
         <path>C:\ti\ccs930\ccs\tools\compiler\ti-cgt-arm_18.12.5.LTS\lib\</path>
         <kind>archive</kind>
         <file>rtsv7R4_A_be_v3D16_eabi.lib</file>
         <name>_lock.c.obj</name>
      </input_file>
      <input_file id="fl-f6">
         <path>C:\ti\ccs930\ccs\tools\compiler\ti-cgt-arm_18.12.5.LTS\lib\</path>
         <kind>archive</kind>
         <file>rtsv7R4_A_be_v3D16_eabi.lib</file>
         <name>strlen.c.obj</name>
      </input_file>
      <input_file id="fl-f7">
         <path>C:\ti\ccs930\ccs\tools\compiler\ti-cgt-arm_18.12.5.LTS\lib\</path>
         <kind>archive</kind>
         <file>rtsv7R4_A_be_v3D16_eabi.lib</file>
         <name>div0.asm.obj</name>
      </input_file>
   </input_file_list>
   <object_component_list>
      <object_component id="oc-2a">
         <name>.intvecs</name>
         <load_address>0x0</load_address>
         <run_address>0x0</run_address>
         <size>0x20</size>
         <input_file_ref idref="fl-1e"/>
      </object_component>
      <object_component id="oc-12e">
         <name>.kernelTEXT</name>
         <load_address>0x20</load_address>
         <run_address>0x20</run_address>
         <size>0x1b60</size>
         <input_file_ref idref="fl-30"/>
      </object_component>
      <object_component id="oc-211">
         <name>.kernelTEXT</name>
         <load_address>0x1b80</load_address>
         <run_address>0x1b80</run_address>
         <size>0x9e4</size>
         <input_file_ref idref="fl-2f"/>
      </object_component>
      <object_component id="oc-a0">
         <name>.kernelTEXT</name>
         <load_address>0x2564</load_address>
         <run_address>0x2564</run_address>
         <size>0x4b0</size>
         <input_file_ref idref="fl-2e"/>
      </object_component>
      <object_component id="oc-217">
         <name>.kernelTEXT</name>
         <load_address>0x2a14</load_address>
         <run_address>0x2a14</run_address>
         <size>0x3f4</size>
         <input_file_ref idref="fl-29"/>
      </object_component>
      <object_component id="oc-24a">
         <name>.kernelTEXT</name>
         <load_address>0x2e08</load_address>
         <run_address>0x2e08</run_address>
         <size>0x1ec</size>
         <input_file_ref idref="fl-2a"/>
      </object_component>
      <object_component id="oc-244">
         <name>.kernelTEXT</name>
         <load_address>0x2ff4</load_address>
         <run_address>0x2ff4</run_address>
         <size>0x18c</size>
         <input_file_ref idref="fl-2d"/>
      </object_component>
      <object_component id="oc-39b">
         <name>__TI_handler_table</name>
         <load_address>0x3180</load_address>
         <run_address>0x3180</run_address>
         <size>0xc</size>
      </object_component>
      <object_component id="oc-3a0">
         <name>.cinit..data.load</name>
         <load_address>0x318c</load_address>
         <run_address>0x318c</run_address>
         <size>0xb</size>
      </object_component>
      <object_component id="oc-39d">
         <name>.cinit..kernelBSS.load</name>
         <load_address>0x3197</load_address>
         <run_address>0x3197</run_address>
         <size>0x9</size>
      </object_component>
      <object_component id="oc-39f">
         <name>.cinit..bss.load</name>
         <load_address>0x31a0</load_address>
         <run_address>0x31a0</run_address>
         <size>0x8</size>
      </object_component>
      <object_component id="oc-39e">
         <name>.cinit..kernelHEAP.load</name>
         <load_address>0x31a8</load_address>
         <run_address>0x31a8</run_address>
         <size>0x8</size>
      </object_component>
      <object_component id="oc-39c">
         <name>__TI_cinit_table</name>
         <load_address>0x31b0</load_address>
         <run_address>0x31b0</run_address>
         <size>0x20</size>
      </object_component>
      <object_component id="oc-128">
         <name>.text</name>
         <load_address>0x8020</load_address>
         <run_address>0x8020</run_address>
         <size>0x788</size>
         <input_file_ref idref="fl-2c"/>
      </object_component>
      <object_component id="oc-69">
         <name>.text</name>
         <load_address>0x87a8</load_address>
         <run_address>0x87a8</run_address>
         <size>0x594</size>
         <input_file_ref idref="fl-27"/>
      </object_component>
      <object_component id="oc-cd">
         <name>.text</name>
         <load_address>0x8d3c</load_address>
         <run_address>0x8d3c</run_address>
         <size>0x500</size>
         <input_file_ref idref="fl-19"/>
      </object_component>
      <object_component id="oc-3b">
         <name>.text</name>
         <load_address>0x923c</load_address>
         <run_address>0x923c</run_address>
         <size>0x4e0</size>
         <input_file_ref idref="fl-26"/>
      </object_component>
      <object_component id="oc-64">
         <name>.text</name>
         <load_address>0x971c</load_address>
         <run_address>0x971c</run_address>
         <size>0x3c4</size>
         <input_file_ref idref="fl-1c"/>
      </object_component>
      <object_component id="oc-6f">
         <name>.text</name>
         <load_address>0x9ae0</load_address>
         <run_address>0x9ae0</run_address>
         <size>0x374</size>
         <input_file_ref idref="fl-c"/>
      </object_component>
      <object_component id="oc-87">
         <name>.text</name>
         <load_address>0x9e54</load_address>
         <run_address>0x9e54</run_address>
         <size>0x36c</size>
         <input_file_ref idref="fl-20"/>
      </object_component>
      <object_component id="oc-81">
         <name>.text</name>
         <load_address>0xa1c0</load_address>
         <run_address>0xa1c0</run_address>
         <size>0x368</size>
         <input_file_ref idref="fl-d"/>
      </object_component>
      <object_component id="oc-122">
         <name>.text</name>
         <load_address>0xa528</load_address>
         <run_address>0xa528</run_address>
         <size>0x1e0</size>
         <input_file_ref idref="fl-f"/>
      </object_component>
      <object_component id="oc-d3">
         <name>.text</name>
         <load_address>0xa708</load_address>
         <run_address>0xa708</run_address>
         <size>0x1b0</size>
         <input_file_ref idref="fl-8"/>
      </object_component>
      <object_component id="oc-4c">
         <name>.text</name>
         <load_address>0xa8b8</load_address>
         <run_address>0xa8b8</run_address>
         <size>0x180</size>
         <input_file_ref idref="fl-ed"/>
      </object_component>
      <object_component id="oc-35">
         <name>.text:retain</name>
         <load_address>0xaa38</load_address>
         <run_address>0xaa38</run_address>
         <size>0x178</size>
         <input_file_ref idref="fl-26"/>
      </object_component>
      <object_component id="oc-2c7">
         <name>.text</name>
         <load_address>0xabb0</load_address>
         <run_address>0xabb0</run_address>
         <size>0x118</size>
         <input_file_ref idref="fl-2a"/>
      </object_component>
      <object_component id="oc-238">
         <name>.text</name>
         <load_address>0xacc8</load_address>
         <run_address>0xacc8</run_address>
         <size>0x10c</size>
         <input_file_ref idref="fl-2b"/>
      </object_component>
      <object_component id="oc-8d">
         <name>.text</name>
         <load_address>0xadd4</load_address>
         <run_address>0xadd4</run_address>
         <size>0xf0</size>
         <input_file_ref idref="fl-1f"/>
      </object_component>
      <object_component id="oc-21">
         <name>.text:retain</name>
         <load_address>0xaec4</load_address>
         <run_address>0xaec4</run_address>
         <size>0xe4</size>
         <input_file_ref idref="fl-d"/>
      </object_component>
      <object_component id="oc-20b">
         <name>.text</name>
         <load_address>0xafa8</load_address>
         <run_address>0xafa8</run_address>
         <size>0xdc</size>
         <input_file_ref idref="fl-30"/>
      </object_component>
      <object_component id="oc-c6">
         <name>.text</name>
         <load_address>0xb084</load_address>
         <run_address>0xb084</run_address>
         <size>0xb0</size>
         <input_file_ref idref="fl-ee"/>
      </object_component>
      <object_component id="oc-1b">
         <name>.text:retain</name>
         <load_address>0xb134</load_address>
         <run_address>0xb134</run_address>
         <size>0xac</size>
         <input_file_ref idref="fl-25"/>
      </object_component>
      <object_component id="oc-2bf">
         <name>.text</name>
         <load_address>0xb1e0</load_address>
         <run_address>0xb1e0</run_address>
         <size>0x94</size>
         <input_file_ref idref="fl-2d"/>
      </object_component>
      <object_component id="oc-e">
         <name>.text:decompress:lzss:__TI_decompress_lzss</name>
         <load_address>0xb274</load_address>
         <run_address>0xb274</run_address>
         <size>0x90</size>
         <input_file_ref idref="fl-f3"/>
      </object_component>
      <object_component id="oc-7b">
         <name>.text</name>
         <load_address>0xb304</load_address>
         <run_address>0xb304</run_address>
         <size>0x6c</size>
         <input_file_ref idref="fl-16"/>
      </object_component>
      <object_component id="oc-f2">
         <name>.text:__TI_auto_init_nobinit_nopinit:__TI_auto_init_nobinit_nopinit</name>
         <load_address>0xb370</load_address>
         <run_address>0xb370</run_address>
         <size>0x68</size>
         <input_file_ref idref="fl-ef"/>
      </object_component>
      <object_component id="oc-23e">
         <name>.text:strlen</name>
         <load_address>0xb3d8</load_address>
         <run_address>0xb3d8</run_address>
         <size>0x20</size>
         <input_file_ref idref="fl-f6"/>
      </object_component>
      <object_component id="oc-14">
         <name>.text:decompress:none:__TI_decompress_none</name>
         <load_address>0xb3f8</load_address>
         <run_address>0xb3f8</run_address>
         <size>0x14</size>
         <input_file_ref idref="fl-f2"/>
      </object_component>
      <object_component id="oc-5e">
         <name>.text:decompress:ZI:__TI_zero_init</name>
         <load_address>0xb40c</load_address>
         <run_address>0xb40c</run_address>
         <size>0x10</size>
         <input_file_ref idref="fl-f1"/>
      </object_component>
      <object_component id="oc-139">
         <name>.text:abort:abort</name>
         <load_address>0xb41c</load_address>
         <run_address>0xb41c</run_address>
         <size>0x8</size>
         <input_file_ref idref="fl-f4"/>
      </object_component>
      <object_component id="oc-75">
         <name>.text</name>
         <load_address>0xb424</load_address>
         <run_address>0xb424</run_address>
         <size>0x4</size>
         <input_file_ref idref="fl-25"/>
      </object_component>
      <object_component id="oc-2f">
         <name>.text:retain</name>
         <load_address>0xb428</load_address>
         <run_address>0xb428</run_address>
         <size>0x4</size>
         <input_file_ref idref="fl-22"/>
      </object_component>
      <object_component id="oc-27">
         <name>.const:s_vim_init</name>
         <load_address>0xb440</load_address>
         <run_address>0xb440</run_address>
         <size>0x200</size>
         <input_file_ref idref="fl-26"/>
      </object_component>
      <object_component id="oc-14a">
         <name>.kernelBSS:init</name>
         <load_address>0x80008d0</load_address>
         <run_address>0x80008d0</run_address>
         <size>0x34</size>
         <input_file_ref idref="fl-30"/>
      </object_component>
      <object_component id="oc-250">
         <name>.kernelBSS:uninit</name>
         <load_address>0x8000800</load_address>
         <run_address>0x8000800</run_address>
         <size>0xd0</size>
         <input_file_ref idref="fl-30"/>
      </object_component>
      <object_component id="oc-363">
         <name>.kernelHEAP</name>
         <uninitialized>true</uninitialized>
         <run_address>0x8001000</run_address>
         <size>0x2000</size>
         <input_file_ref idref="fl-2a"/>
      </object_component>
      <object_component id="oc-2d0">
         <name>.bss:xStart</name>
         <uninitialized>true</uninitialized>
         <run_address>0x8003018</run_address>
         <size>0x8</size>
         <input_file_ref idref="fl-2a"/>
      </object_component>
      <object_component id="oc-134">
         <name>.common:xTask1Handle</name>
         <uninitialized>true</uninitialized>
         <run_address>0x8003020</run_address>
         <size>0x4</size>
      </object_component>
      <object_component id="oc-137">
         <name>.common:xTask2Handle</name>
         <uninitialized>true</uninitialized>
         <run_address>0x8003024</run_address>
         <size>0x4</size>
      </object_component>
      <object_component id="oc-2cd">
         <name>.data</name>
         <load_address>0x8003000</load_address>
         <run_address>0x8003000</run_address>
         <size>0x10</size>
         <input_file_ref idref="fl-2a"/>
      </object_component>
      <object_component id="oc-14d">
         <name>.data</name>
         <load_address>0x8003010</load_address>
         <run_address>0x8003010</run_address>
         <size>0x8</size>
         <input_file_ref idref="fl-2d"/>
      </object_component>
      <object_component id="oc-185">
         <name>.debug_info</name>
         <load_address>0x0</load_address>
         <run_address>0x0</run_address>
         <size>0x34d</size>
         <input_file_ref idref="fl-2"/>
      </object_component>
      <object_component id="oc-1ad">
         <name>.debug_info</name>
         <load_address>0x34d</load_address>
         <run_address>0x34d</run_address>
         <size>0x791</size>
         <input_file_ref idref="fl-2"/>
      </object_component>
      <object_component id="oc-153">
         <name>.debug_info</name>
         <load_address>0xade</load_address>
         <run_address>0xade</run_address>
         <size>0x26b</size>
         <input_file_ref idref="fl-2"/>
      </object_component>
      <object_component id="oc-9b">
         <name>.debug_info</name>
         <load_address>0xd49</load_address>
         <run_address>0xd49</run_address>
         <size>0x157</size>
         <input_file_ref idref="fl-2"/>
      </object_component>
      <object_component id="oc-95">
         <name>.debug_info</name>
         <load_address>0xea0</load_address>
         <run_address>0xea0</run_address>
         <size>0x8b</size>
         <input_file_ref idref="fl-2"/>
      </object_component>
      <object_component id="oc-ac">
         <name>.debug_info</name>
         <load_address>0xf2b</load_address>
         <run_address>0xf2b</run_address>
         <size>0x18c</size>
         <input_file_ref idref="fl-2"/>
      </object_component>
      <object_component id="oc-26b">
         <name>.debug_info</name>
         <load_address>0x10b7</load_address>
         <run_address>0x10b7</run_address>
         <size>0x297</size>
         <input_file_ref idref="fl-2"/>
      </object_component>
      <object_component id="oc-145">
         <name>.debug_info</name>
         <load_address>0x134e</load_address>
         <run_address>0x134e</run_address>
         <size>0xbb</size>
         <input_file_ref idref="fl-2"/>
      </object_component>
      <object_component id="oc-15d">
         <name>.debug_info</name>
         <load_address>0x1409</load_address>
         <run_address>0x1409</run_address>
         <size>0x86</size>
         <input_file_ref idref="fl-2"/>
      </object_component>
      <object_component id="oc-279">
         <name>.debug_info</name>
         <load_address>0x148f</load_address>
         <run_address>0x148f</run_address>
         <size>0x38f</size>
         <input_file_ref idref="fl-2"/>
      </object_component>
      <object_component id="oc-17b">
         <name>.debug_info</name>
         <load_address>0x181e</load_address>
         <run_address>0x181e</run_address>
         <size>0x36d</size>
         <input_file_ref idref="fl-2"/>
      </object_component>
      <object_component id="oc-288">
         <name>.debug_info</name>
         <load_address>0x1b8b</load_address>
         <run_address>0x1b8b</run_address>
         <size>0x359</size>
         <input_file_ref idref="fl-3"/>
      </object_component>
      <object_component id="oc-1bc">
         <name>.debug_info</name>
         <load_address>0x1ee4</load_address>
         <run_address>0x1ee4</run_address>
         <size>0x49b</size>
         <input_file_ref idref="fl-3"/>
      </object_component>
      <object_component id="oc-307">
         <name>.debug_info</name>
         <load_address>0x237f</load_address>
         <run_address>0x237f</run_address>
         <size>0x15f</size>
         <input_file_ref idref="fl-3"/>
      </object_component>
      <object_component id="oc-289">
         <name>.debug_info</name>
         <load_address>0x24de</load_address>
         <run_address>0x24de</run_address>
         <size>0x30c</size>
         <input_file_ref idref="fl-4"/>
      </object_component>
      <object_component id="oc-1c1">
         <name>.debug_info</name>
         <load_address>0x27ea</load_address>
         <run_address>0x27ea</run_address>
         <size>0x3b8</size>
         <input_file_ref idref="fl-4"/>
      </object_component>
      <object_component id="oc-30e">
         <name>.debug_info</name>
         <load_address>0x2ba2</load_address>
         <run_address>0x2ba2</run_address>
         <size>0x22d</size>
         <input_file_ref idref="fl-4"/>
      </object_component>
      <object_component id="oc-28a">
         <name>.debug_info</name>
         <load_address>0x2dcf</load_address>
         <run_address>0x2dcf</run_address>
         <size>0x2d7</size>
         <input_file_ref idref="fl-5"/>
      </object_component>
      <object_component id="oc-315">
         <name>.debug_info</name>
         <load_address>0x30a6</load_address>
         <run_address>0x30a6</run_address>
         <size>0x175</size>
         <input_file_ref idref="fl-5"/>
      </object_component>
      <object_component id="oc-1c6">
         <name>.debug_info</name>
         <load_address>0x321b</load_address>
         <run_address>0x321b</run_address>
         <size>0x116</size>
         <input_file_ref idref="fl-5"/>
      </object_component>
      <object_component id="oc-28b">
         <name>.debug_info</name>
         <load_address>0x3331</load_address>
         <run_address>0x3331</run_address>
         <size>0x35d</size>
         <input_file_ref idref="fl-6"/>
      </object_component>
      <object_component id="oc-31c">
         <name>.debug_info</name>
         <load_address>0x368e</load_address>
         <run_address>0x368e</run_address>
         <size>0x359</size>
         <input_file_ref idref="fl-6"/>
      </object_component>
      <object_component id="oc-1cb">
         <name>.debug_info</name>
         <load_address>0x39e7</load_address>
         <run_address>0x39e7</run_address>
         <size>0x152</size>
         <input_file_ref idref="fl-6"/>
      </object_component>
      <object_component id="oc-274">
         <name>.debug_info</name>
         <load_address>0x3b39</load_address>
         <run_address>0x3b39</run_address>
         <size>0x623</size>
         <input_file_ref idref="fl-7"/>
      </object_component>
      <object_component id="oc-db">
         <name>.debug_info</name>
         <load_address>0x415c</load_address>
         <run_address>0x415c</run_address>
         <size>0x429</size>
         <input_file_ref idref="fl-7"/>
      </object_component>
      <object_component id="oc-158">
         <name>.debug_info</name>
         <load_address>0x4585</load_address>
         <run_address>0x4585</run_address>
         <size>0x102</size>
         <input_file_ref idref="fl-7"/>
      </object_component>
      <object_component id="oc-1d0">
         <name>.debug_info</name>
         <load_address>0x4687</load_address>
         <run_address>0x4687</run_address>
         <size>0x515</size>
         <input_file_ref idref="fl-7"/>
      </object_component>
      <object_component id="oc-167">
         <name>.debug_info</name>
         <load_address>0x4b9c</load_address>
         <run_address>0x4b9c</run_address>
         <size>0x44a</size>
         <input_file_ref idref="fl-7"/>
      </object_component>
      <object_component id="oc-16c">
         <name>.debug_info</name>
         <load_address>0x4fe6</load_address>
         <run_address>0x4fe6</run_address>
         <size>0x1f9</size>
         <input_file_ref idref="fl-7"/>
      </object_component>
      <object_component id="oc-171">
         <name>.debug_info</name>
         <load_address>0x51df</load_address>
         <run_address>0x51df</run_address>
         <size>0x152</size>
         <input_file_ref idref="fl-7"/>
      </object_component>
      <object_component id="oc-176">
         <name>.debug_info</name>
         <load_address>0x5331</load_address>
         <run_address>0x5331</run_address>
         <size>0x70a</size>
         <input_file_ref idref="fl-7"/>
      </object_component>
      <object_component id="oc-197">
         <name>.debug_info</name>
         <load_address>0x5a3b</load_address>
         <run_address>0x5a3b</run_address>
         <size>0x29f</size>
         <input_file_ref idref="fl-8"/>
      </object_component>
      <object_component id="oc-d7">
         <name>.debug_info</name>
         <load_address>0x5cda</load_address>
         <run_address>0x5cda</run_address>
         <size>0x3b8</size>
         <input_file_ref idref="fl-8"/>
      </object_component>
      <object_component id="oc-19f">
         <name>.debug_info</name>
         <load_address>0x6092</load_address>
         <run_address>0x6092</run_address>
         <size>0x18e</size>
         <input_file_ref idref="fl-8"/>
      </object_component>
      <object_component id="oc-280">
         <name>.debug_info</name>
         <load_address>0x6220</load_address>
         <run_address>0x6220</run_address>
         <size>0x1c8</size>
         <input_file_ref idref="fl-8"/>
      </object_component>
      <object_component id="oc-276">
         <name>.debug_info</name>
         <load_address>0x63e8</load_address>
         <run_address>0x63e8</run_address>
         <size>0x397</size>
         <input_file_ref idref="fl-9"/>
      </object_component>
      <object_component id="oc-1d5">
         <name>.debug_info</name>
         <load_address>0x677f</load_address>
         <run_address>0x677f</run_address>
         <size>0x142</size>
         <input_file_ref idref="fl-9"/>
      </object_component>
      <object_component id="oc-162">
         <name>.debug_info</name>
         <load_address>0x68c1</load_address>
         <run_address>0x68c1</run_address>
         <size>0x285</size>
         <input_file_ref idref="fl-9"/>
      </object_component>
      <object_component id="oc-28c">
         <name>.debug_info</name>
         <load_address>0x6b46</load_address>
         <run_address>0x6b46</run_address>
         <size>0x35f</size>
         <input_file_ref idref="fl-a"/>
      </object_component>
      <object_component id="oc-323">
         <name>.debug_info</name>
         <load_address>0x6ea5</load_address>
         <run_address>0x6ea5</run_address>
         <size>0x669</size>
         <input_file_ref idref="fl-a"/>
      </object_component>
      <object_component id="oc-1da">
         <name>.debug_info</name>
         <load_address>0x750e</load_address>
         <run_address>0x750e</run_address>
         <size>0x22e</size>
         <input_file_ref idref="fl-a"/>
      </object_component>
      <object_component id="oc-e6">
         <name>.debug_info</name>
         <load_address>0x773c</load_address>
         <run_address>0x773c</run_address>
         <size>0x2d1</size>
         <input_file_ref idref="fl-c"/>
      </object_component>
      <object_component id="oc-72">
         <name>.debug_info</name>
         <load_address>0x7a0d</load_address>
         <run_address>0x7a0d</run_address>
         <size>0x61c</size>
         <input_file_ref idref="fl-c"/>
      </object_component>
      <object_component id="oc-47">
         <name>.debug_info</name>
         <load_address>0x8029</load_address>
         <run_address>0x8029</run_address>
         <size>0x84</size>
         <input_file_ref idref="fl-c"/>
      </object_component>
      <object_component id="oc-e1">
         <name>.debug_info</name>
         <load_address>0x80ad</load_address>
         <run_address>0x80ad</run_address>
         <size>0x9e7</size>
         <input_file_ref idref="fl-c"/>
      </object_component>
      <object_component id="oc-eb">
         <name>.debug_info</name>
         <load_address>0x8a94</load_address>
         <run_address>0x8a94</run_address>
         <size>0x372</size>
         <input_file_ref idref="fl-d"/>
      </object_component>
      <object_component id="oc-83">
         <name>.debug_info</name>
         <load_address>0x8e06</load_address>
         <run_address>0x8e06</run_address>
         <size>0xf44</size>
         <input_file_ref idref="fl-d"/>
      </object_component>
      <object_component id="oc-24">
         <name>.debug_info</name>
         <load_address>0x9d4a</load_address>
         <run_address>0x9d4a</run_address>
         <size>0x182</size>
         <input_file_ref idref="fl-d"/>
      </object_component>
      <object_component id="oc-ec">
         <name>.debug_info</name>
         <load_address>0x9ecc</load_address>
         <run_address>0x9ecc</run_address>
         <size>0x168</size>
         <input_file_ref idref="fl-d"/>
      </object_component>
      <object_component id="oc-286">
         <name>.debug_info</name>
         <load_address>0xa034</load_address>
         <run_address>0xa034</run_address>
         <size>0x3b5</size>
         <input_file_ref idref="fl-e"/>
      </object_component>
      <object_component id="oc-2f9">
         <name>.debug_info</name>
         <load_address>0xa3e9</load_address>
         <run_address>0xa3e9</run_address>
         <size>0xc6d</size>
         <input_file_ref idref="fl-e"/>
      </object_component>
      <object_component id="oc-1df">
         <name>.debug_info</name>
         <load_address>0xb056</load_address>
         <run_address>0xb056</run_address>
         <size>0x396</size>
         <input_file_ref idref="fl-e"/>
      </object_component>
      <object_component id="oc-1a4">
         <name>.debug_info</name>
         <load_address>0xb3ec</load_address>
         <run_address>0xb3ec</run_address>
         <size>0x199</size>
         <input_file_ref idref="fl-e"/>
      </object_component>
      <object_component id="oc-20a">
         <name>.debug_info</name>
         <load_address>0xb585</load_address>
         <run_address>0xb585</run_address>
         <size>0x2d7</size>
         <input_file_ref idref="fl-f"/>
      </object_component>
      <object_component id="oc-125">
         <name>.debug_info</name>
         <load_address>0xb85c</load_address>
         <run_address>0xb85c</run_address>
         <size>0x71b</size>
         <input_file_ref idref="fl-f"/>
      </object_component>
      <object_component id="oc-2a5">
         <name>.debug_info</name>
         <load_address>0xbf77</load_address>
         <run_address>0xbf77</run_address>
         <size>0x12a</size>
         <input_file_ref idref="fl-f"/>
      </object_component>
      <object_component id="oc-28d">
         <name>.debug_info</name>
         <load_address>0xc0a1</load_address>
         <run_address>0xc0a1</run_address>
         <size>0x337</size>
         <input_file_ref idref="fl-10"/>
      </object_component>
      <object_component id="oc-18d">
         <name>.debug_info</name>
         <load_address>0xc3d8</load_address>
         <run_address>0xc3d8</run_address>
         <size>0x2c</size>
         <input_file_ref idref="fl-10"/>
      </object_component>
      <object_component id="oc-1e4">
         <name>.debug_info</name>
         <load_address>0xc404</load_address>
         <run_address>0xc404</run_address>
         <size>0x3d3</size>
         <input_file_ref idref="fl-10"/>
      </object_component>
      <object_component id="oc-32a">
         <name>.debug_info</name>
         <load_address>0xc7d7</load_address>
         <run_address>0xc7d7</run_address>
         <size>0x2e3</size>
         <input_file_ref idref="fl-10"/>
      </object_component>
      <object_component id="oc-28e">
         <name>.debug_info</name>
         <load_address>0xcaba</load_address>
         <run_address>0xcaba</run_address>
         <size>0x2fa</size>
         <input_file_ref idref="fl-11"/>
      </object_component>
      <object_component id="oc-331">
         <name>.debug_info</name>
         <load_address>0xcdb4</load_address>
         <run_address>0xcdb4</run_address>
         <size>0x69</size>
         <input_file_ref idref="fl-11"/>
      </object_component>
      <object_component id="oc-1e9">
         <name>.debug_info</name>
         <load_address>0xce1d</load_address>
         <run_address>0xce1d</run_address>
         <size>0x26a</size>
         <input_file_ref idref="fl-11"/>
      </object_component>
      <object_component id="oc-336">
         <name>.debug_info</name>
         <load_address>0xd087</load_address>
         <run_address>0xd087</run_address>
         <size>0x34f</size>
         <input_file_ref idref="fl-11"/>
      </object_component>
      <object_component id="oc-28f">
         <name>.debug_info</name>
         <load_address>0xd3d6</load_address>
         <run_address>0xd3d6</run_address>
         <size>0x312</size>
         <input_file_ref idref="fl-12"/>
      </object_component>
      <object_component id="oc-1ee">
         <name>.debug_info</name>
         <load_address>0xd6e8</load_address>
         <run_address>0xd6e8</run_address>
         <size>0x2bc</size>
         <input_file_ref idref="fl-12"/>
      </object_component>
      <object_component id="oc-33d">
         <name>.debug_info</name>
         <load_address>0xd9a4</load_address>
         <run_address>0xd9a4</run_address>
         <size>0x186</size>
         <input_file_ref idref="fl-12"/>
      </object_component>
      <object_component id="oc-287">
         <name>.debug_info</name>
         <load_address>0xdb2a</load_address>
         <run_address>0xdb2a</run_address>
         <size>0x36e</size>
         <input_file_ref idref="fl-14"/>
      </object_component>
      <object_component id="oc-1b2">
         <name>.debug_info</name>
         <load_address>0xde98</load_address>
         <run_address>0xde98</run_address>
         <size>0x547</size>
         <input_file_ref idref="fl-14"/>
      </object_component>
      <object_component id="oc-300">
         <name>.debug_info</name>
         <load_address>0xe3df</load_address>
         <run_address>0xe3df</run_address>
         <size>0x44e</size>
         <input_file_ref idref="fl-14"/>
      </object_component>
      <object_component id="oc-e9">
         <name>.debug_info</name>
         <load_address>0xe82d</load_address>
         <run_address>0xe82d</run_address>
         <size>0x5eb</size>
         <input_file_ref idref="fl-16"/>
      </object_component>
      <object_component id="oc-7c">
         <name>.debug_info</name>
         <load_address>0xee18</load_address>
         <run_address>0xee18</run_address>
         <size>0x11c1</size>
         <input_file_ref idref="fl-16"/>
      </object_component>
      <object_component id="oc-1b7">
         <name>.debug_info</name>
         <load_address>0xffd9</load_address>
         <run_address>0xffd9</run_address>
         <size>0xadd</size>
         <input_file_ref idref="fl-16"/>
      </object_component>
      <object_component id="oc-1f3">
         <name>.debug_info</name>
         <load_address>0x10ab6</load_address>
         <run_address>0x10ab6</run_address>
         <size>0x243</size>
         <input_file_ref idref="fl-16"/>
      </object_component>
      <object_component id="oc-ce">
         <name>.debug_info</name>
         <load_address>0x10cf9</load_address>
         <run_address>0x10cf9</run_address>
         <size>0x12f</size>
         <input_file_ref idref="fl-19"/>
      </object_component>
      <object_component id="oc-67">
         <name>.debug_info</name>
         <load_address>0x10e28</load_address>
         <run_address>0x10e28</run_address>
         <size>0x822</size>
         <input_file_ref idref="fl-1c"/>
      </object_component>
      <object_component id="oc-2b">
         <name>.debug_info</name>
         <load_address>0x1164a</load_address>
         <run_address>0x1164a</run_address>
         <size>0x118</size>
         <input_file_ref idref="fl-1e"/>
      </object_component>
      <object_component id="oc-135">
         <name>.debug_info</name>
         <load_address>0x11762</load_address>
         <run_address>0x11762</run_address>
         <size>0x50c</size>
         <input_file_ref idref="fl-1f"/>
      </object_component>
      <object_component id="oc-8f">
         <name>.debug_info</name>
         <load_address>0x11c6e</load_address>
         <run_address>0x11c6e</run_address>
         <size>0x2d6</size>
         <input_file_ref idref="fl-1f"/>
      </object_component>
      <object_component id="oc-229">
         <name>.debug_info</name>
         <load_address>0x11f44</load_address>
         <run_address>0x11f44</run_address>
         <size>0x30c</size>
         <input_file_ref idref="fl-1f"/>
      </object_component>
      <object_component id="oc-25c">
         <name>.debug_info</name>
         <load_address>0x12250</load_address>
         <run_address>0x12250</run_address>
         <size>0x379</size>
         <input_file_ref idref="fl-1f"/>
      </object_component>
      <object_component id="oc-21e">
         <name>.debug_info</name>
         <load_address>0x125c9</load_address>
         <run_address>0x125c9</run_address>
         <size>0xe1</size>
         <input_file_ref idref="fl-1f"/>
      </object_component>
      <object_component id="oc-223">
         <name>.debug_info</name>
         <load_address>0x126aa</load_address>
         <run_address>0x126aa</run_address>
         <size>0x2c</size>
         <input_file_ref idref="fl-1f"/>
      </object_component>
      <object_component id="oc-257">
         <name>.debug_info</name>
         <load_address>0x126d6</load_address>
         <run_address>0x126d6</run_address>
         <size>0x14c</size>
         <input_file_ref idref="fl-1f"/>
      </object_component>
      <object_component id="oc-88">
         <name>.debug_info</name>
         <load_address>0x12822</load_address>
         <run_address>0x12822</run_address>
         <size>0x44f</size>
         <input_file_ref idref="fl-20"/>
      </object_component>
      <object_component id="oc-285">
         <name>.debug_info</name>
         <load_address>0x12c71</load_address>
         <run_address>0x12c71</run_address>
         <size>0x397</size>
         <input_file_ref idref="fl-21"/>
      </object_component>
      <object_component id="oc-2f2">
         <name>.debug_info</name>
         <load_address>0x13008</load_address>
         <run_address>0x13008</run_address>
         <size>0x652</size>
         <input_file_ref idref="fl-21"/>
      </object_component>
      <object_component id="oc-19a">
         <name>.debug_info</name>
         <load_address>0x1365a</load_address>
         <run_address>0x1365a</run_address>
         <size>0x457</size>
         <input_file_ref idref="fl-21"/>
      </object_component>
      <object_component id="oc-30">
         <name>.debug_info</name>
         <load_address>0x13ab1</load_address>
         <run_address>0x13ab1</run_address>
         <size>0x150</size>
         <input_file_ref idref="fl-22"/>
      </object_component>
      <object_component id="oc-78">
         <name>.debug_info</name>
         <load_address>0x13c01</load_address>
         <run_address>0x13c01</run_address>
         <size>0x149</size>
         <input_file_ref idref="fl-25"/>
      </object_component>
      <object_component id="oc-1d">
         <name>.debug_info</name>
         <load_address>0x13d4a</load_address>
         <run_address>0x13d4a</run_address>
         <size>0x2f0</size>
         <input_file_ref idref="fl-25"/>
      </object_component>
      <object_component id="oc-a7">
         <name>.debug_info</name>
         <load_address>0x1403a</load_address>
         <run_address>0x1403a</run_address>
         <size>0x4d1</size>
         <input_file_ref idref="fl-26"/>
      </object_component>
      <object_component id="oc-28">
         <name>.debug_info</name>
         <load_address>0x1450b</load_address>
         <run_address>0x1450b</run_address>
         <size>0xf2</size>
         <input_file_ref idref="fl-26"/>
      </object_component>
      <object_component id="oc-3c">
         <name>.debug_info</name>
         <load_address>0x145fd</load_address>
         <run_address>0x145fd</run_address>
         <size>0x47a</size>
         <input_file_ref idref="fl-26"/>
      </object_component>
      <object_component id="oc-36">
         <name>.debug_info</name>
         <load_address>0x14a77</load_address>
         <run_address>0x14a77</run_address>
         <size>0x1be</size>
         <input_file_ref idref="fl-26"/>
      </object_component>
      <object_component id="oc-180">
         <name>.debug_info</name>
         <load_address>0x14c35</load_address>
         <run_address>0x14c35</run_address>
         <size>0x4f</size>
         <input_file_ref idref="fl-26"/>
      </object_component>
      <object_component id="oc-da">
         <name>.debug_info</name>
         <load_address>0x14c84</load_address>
         <run_address>0x14c84</run_address>
         <size>0x43c</size>
         <input_file_ref idref="fl-27"/>
      </object_component>
      <object_component id="oc-6c">
         <name>.debug_info</name>
         <load_address>0x150c0</load_address>
         <run_address>0x150c0</run_address>
         <size>0x667</size>
         <input_file_ref idref="fl-27"/>
      </object_component>
      <object_component id="oc-2b3">
         <name>.debug_info</name>
         <load_address>0x15727</load_address>
         <run_address>0x15727</run_address>
         <size>0x687</size>
         <input_file_ref idref="fl-29"/>
      </object_component>
      <object_component id="oc-21a">
         <name>.debug_info</name>
         <load_address>0x15dae</load_address>
         <run_address>0x15dae</run_address>
         <size>0x124e</size>
         <input_file_ref idref="fl-29"/>
      </object_component>
      <object_component id="oc-2ad">
         <name>.debug_info</name>
         <load_address>0x16ffc</load_address>
         <run_address>0x16ffc</run_address>
         <size>0x110</size>
         <input_file_ref idref="fl-29"/>
      </object_component>
      <object_component id="oc-233">
         <name>.debug_info</name>
         <load_address>0x1710c</load_address>
         <run_address>0x1710c</run_address>
         <size>0x39</size>
         <input_file_ref idref="fl-29"/>
      </object_component>
      <object_component id="oc-2b6">
         <name>.debug_info</name>
         <load_address>0x17145</load_address>
         <run_address>0x17145</run_address>
         <size>0x46</size>
         <input_file_ref idref="fl-29"/>
      </object_component>
      <object_component id="oc-357">
         <name>.debug_info</name>
         <load_address>0x1718b</load_address>
         <run_address>0x1718b</run_address>
         <size>0x62</size>
         <input_file_ref idref="fl-29"/>
      </object_component>
      <object_component id="oc-2d4">
         <name>.debug_info</name>
         <load_address>0x171ed</load_address>
         <run_address>0x171ed</run_address>
         <size>0x434</size>
         <input_file_ref idref="fl-2a"/>
      </object_component>
      <object_component id="oc-364">
         <name>.debug_info</name>
         <load_address>0x17621</load_address>
         <run_address>0x17621</run_address>
         <size>0xe7</size>
         <input_file_ref idref="fl-2a"/>
      </object_component>
      <object_component id="oc-2d1">
         <name>.debug_info</name>
         <load_address>0x17708</load_address>
         <run_address>0x17708</run_address>
         <size>0xe7</size>
         <input_file_ref idref="fl-2a"/>
      </object_component>
      <object_component id="oc-2ce">
         <name>.debug_info</name>
         <load_address>0x177ef</load_address>
         <run_address>0x177ef</run_address>
         <size>0x19b</size>
         <input_file_ref idref="fl-2a"/>
      </object_component>
      <object_component id="oc-24d">
         <name>.debug_info</name>
         <load_address>0x1798a</load_address>
         <run_address>0x1798a</run_address>
         <size>0x4fc</size>
         <input_file_ref idref="fl-2a"/>
      </object_component>
      <object_component id="oc-2ca">
         <name>.debug_info</name>
         <load_address>0x17e86</load_address>
         <run_address>0x17e86</run_address>
         <size>0x27f</size>
         <input_file_ref idref="fl-2a"/>
      </object_component>
      <object_component id="oc-36b">
         <name>.debug_info</name>
         <load_address>0x18105</load_address>
         <run_address>0x18105</run_address>
         <size>0x62</size>
         <input_file_ref idref="fl-2a"/>
      </object_component>
      <object_component id="oc-2bc">
         <name>.debug_info</name>
         <load_address>0x18167</load_address>
         <run_address>0x18167</run_address>
         <size>0x36a</size>
         <input_file_ref idref="fl-2b"/>
      </object_component>
      <object_component id="oc-23a">
         <name>.debug_info</name>
         <load_address>0x184d1</load_address>
         <run_address>0x184d1</run_address>
         <size>0x4ba</size>
         <input_file_ref idref="fl-2b"/>
      </object_component>
      <object_component id="oc-228">
         <name>.debug_info</name>
         <load_address>0x1898b</load_address>
         <run_address>0x1898b</run_address>
         <size>0xe4f</size>
         <input_file_ref idref="fl-2c"/>
      </object_component>
      <object_component id="oc-129">
         <name>.debug_info</name>
         <load_address>0x197da</load_address>
         <run_address>0x197da</run_address>
         <size>0x378a</size>
         <input_file_ref idref="fl-2c"/>
      </object_component>
      <object_component id="oc-22e">
         <name>.debug_info</name>
         <load_address>0x1cf64</load_address>
         <run_address>0x1cf64</run_address>
         <size>0x46</size>
         <input_file_ref idref="fl-2c"/>
      </object_component>
      <object_component id="oc-2c6">
         <name>.debug_info</name>
         <load_address>0x1cfaa</load_address>
         <run_address>0x1cfaa</run_address>
         <size>0x424</size>
         <input_file_ref idref="fl-2d"/>
      </object_component>
      <object_component id="oc-14e">
         <name>.debug_info</name>
         <load_address>0x1d3ce</load_address>
         <run_address>0x1d3ce</run_address>
         <size>0x135</size>
         <input_file_ref idref="fl-2d"/>
      </object_component>
      <object_component id="oc-2c0">
         <name>.debug_info</name>
         <load_address>0x1d503</load_address>
         <run_address>0x1d503</run_address>
         <size>0x269</size>
         <input_file_ref idref="fl-2d"/>
      </object_component>
      <object_component id="oc-247">
         <name>.debug_info</name>
         <load_address>0x1d76c</load_address>
         <run_address>0x1d76c</run_address>
         <size>0x583</size>
         <input_file_ref idref="fl-2d"/>
      </object_component>
      <object_component id="oc-a2">
         <name>.debug_info</name>
         <load_address>0x1dcef</load_address>
         <run_address>0x1dcef</run_address>
         <size>0x4eb</size>
         <input_file_ref idref="fl-2e"/>
      </object_component>
      <object_component id="oc-2ac">
         <name>.debug_info</name>
         <load_address>0x1e1da</load_address>
         <run_address>0x1e1da</run_address>
         <size>0x6e1</size>
         <input_file_ref idref="fl-2f"/>
      </object_component>
      <object_component id="oc-212">
         <name>.debug_info</name>
         <load_address>0x1e8bb</load_address>
         <run_address>0x1e8bb</run_address>
         <size>0x2193</size>
         <input_file_ref idref="fl-2f"/>
      </object_component>
      <object_component id="oc-350">
         <name>.debug_info</name>
         <load_address>0x20a4e</load_address>
         <run_address>0x20a4e</run_address>
         <size>0x155</size>
         <input_file_ref idref="fl-2f"/>
      </object_component>
      <object_component id="oc-254">
         <name>.debug_info</name>
         <load_address>0x20ba3</load_address>
         <run_address>0x20ba3</run_address>
         <size>0x867</size>
         <input_file_ref idref="fl-30"/>
      </object_component>
      <object_component id="oc-14b">
         <name>.debug_info</name>
         <load_address>0x2140a</load_address>
         <run_address>0x2140a</run_address>
         <size>0x358</size>
         <input_file_ref idref="fl-30"/>
      </object_component>
      <object_component id="oc-251">
         <name>.debug_info</name>
         <load_address>0x21762</load_address>
         <run_address>0x21762</run_address>
         <size>0x284</size>
         <input_file_ref idref="fl-30"/>
      </object_component>
      <object_component id="oc-12f">
         <name>.debug_info</name>
         <load_address>0x219e6</load_address>
         <run_address>0x219e6</run_address>
         <size>0x46b1</size>
         <input_file_ref idref="fl-30"/>
      </object_component>
      <object_component id="oc-20e">
         <name>.debug_info</name>
         <load_address>0x26097</load_address>
         <run_address>0x26097</run_address>
         <size>0x398</size>
         <input_file_ref idref="fl-30"/>
      </object_component>
      <object_component id="oc-2d9">
         <name>.debug_info</name>
         <load_address>0x2642f</load_address>
         <run_address>0x2642f</run_address>
         <size>0x146</size>
         <input_file_ref idref="fl-30"/>
      </object_component>
      <object_component id="oc-4e">
         <name>.debug_info</name>
         <load_address>0x26575</load_address>
         <run_address>0x26575</run_address>
         <size>0x152</size>
         <input_file_ref idref="fl-ed"/>
      </object_component>
      <object_component id="oc-c9">
         <name>.debug_info</name>
         <load_address>0x266c7</load_address>
         <run_address>0x266c7</run_address>
         <size>0x11a</size>
         <input_file_ref idref="fl-ee"/>
      </object_component>
      <object_component id="oc-1fb">
         <name>.debug_info</name>
         <load_address>0x267e1</load_address>
         <run_address>0x267e1</run_address>
         <size>0x481</size>
         <input_file_ref idref="fl-ef"/>
      </object_component>
      <object_component id="oc-f5">
         <name>.debug_info</name>
         <load_address>0x26c62</load_address>
         <run_address>0x26c62</run_address>
         <size>0x174</size>
         <input_file_ref idref="fl-ef"/>
      </object_component>
      <object_component id="oc-292">
         <name>.debug_info</name>
         <load_address>0x26dd6</load_address>
         <run_address>0x26dd6</run_address>
         <size>0x39</size>
         <input_file_ref idref="fl-ef"/>
      </object_component>
      <object_component id="oc-342">
         <name>.debug_info</name>
         <load_address>0x26e0f</load_address>
         <run_address>0x26e0f</run_address>
         <size>0x39</size>
         <input_file_ref idref="fl-ef"/>
      </object_component>
      <object_component id="oc-297">
         <name>.debug_info</name>
         <load_address>0x26e48</load_address>
         <run_address>0x26e48</run_address>
         <size>0x39</size>
         <input_file_ref idref="fl-ef"/>
      </object_component>
      <object_component id="oc-29c">
         <name>.debug_info</name>
         <load_address>0x26e81</load_address>
         <run_address>0x26e81</run_address>
         <size>0xcd</size>
         <input_file_ref idref="fl-ef"/>
      </object_component>
      <object_component id="oc-c5">
         <name>.debug_info</name>
         <load_address>0x26f4e</load_address>
         <run_address>0x26f4e</run_address>
         <size>0x29d</size>
         <input_file_ref idref="fl-f1"/>
      </object_component>
      <object_component id="oc-5f">
         <name>.debug_info</name>
         <load_address>0x271eb</load_address>
         <run_address>0x271eb</run_address>
         <size>0x16e</size>
         <input_file_ref idref="fl-f1"/>
      </object_component>
      <object_component id="oc-c0">
         <name>.debug_info</name>
         <load_address>0x27359</load_address>
         <run_address>0x27359</run_address>
         <size>0x46</size>
         <input_file_ref idref="fl-f1"/>
      </object_component>
      <object_component id="oc-57">
         <name>.debug_info</name>
         <load_address>0x2739f</load_address>
         <run_address>0x2739f</run_address>
         <size>0x271</size>
         <input_file_ref idref="fl-f2"/>
      </object_component>
      <object_component id="oc-16">
         <name>.debug_info</name>
         <load_address>0x27610</load_address>
         <run_address>0x27610</run_address>
         <size>0x1a3</size>
         <input_file_ref idref="fl-f2"/>
      </object_component>
      <object_component id="oc-52">
         <name>.debug_info</name>
         <load_address>0x277b3</load_address>
         <run_address>0x277b3</run_address>
         <size>0x46</size>
         <input_file_ref idref="fl-f2"/>
      </object_component>
      <object_component id="oc-b8">
         <name>.debug_info</name>
         <load_address>0x277f9</load_address>
         <run_address>0x277f9</run_address>
         <size>0x2c</size>
         <input_file_ref idref="fl-f2"/>
      </object_component>
      <object_component id="oc-b6">
         <name>.debug_info</name>
         <load_address>0x27825</load_address>
         <run_address>0x27825</run_address>
         <size>0x26c</size>
         <input_file_ref idref="fl-f3"/>
      </object_component>
      <object_component id="oc-f">
         <name>.debug_info</name>
         <load_address>0x27a91</load_address>
         <run_address>0x27a91</run_address>
         <size>0x21e</size>
         <input_file_ref idref="fl-f3"/>
      </object_component>
      <object_component id="oc-42">
         <name>.debug_info</name>
         <load_address>0x27caf</load_address>
         <run_address>0x27caf</run_address>
         <size>0x60</size>
         <input_file_ref idref="fl-f3"/>
      </object_component>
      <object_component id="oc-186">
         <name>.debug_info</name>
         <load_address>0x27d0f</load_address>
         <run_address>0x27d0f</run_address>
         <size>0x46</size>
         <input_file_ref idref="fl-f3"/>
      </object_component>
      <object_component id="oc-b1">
         <name>.debug_info</name>
         <load_address>0x27d55</load_address>
         <run_address>0x27d55</run_address>
         <size>0x39</size>
         <input_file_ref idref="fl-f3"/>
      </object_component>
      <object_component id="oc-13a">
         <name>.debug_info</name>
         <load_address>0x27d8e</load_address>
         <run_address>0x27d8e</run_address>
         <size>0xf0</size>
         <input_file_ref idref="fl-f4"/>
      </object_component>
      <object_component id="oc-2be">
         <name>.debug_info</name>
         <load_address>0x27e7e</load_address>
         <run_address>0x27e7e</run_address>
         <size>0x25d</size>
         <input_file_ref idref="fl-f6"/>
      </object_component>
      <object_component id="oc-240">
         <name>.debug_info</name>
         <load_address>0x280db</load_address>
         <run_address>0x280db</run_address>
         <size>0x1b1</size>
         <input_file_ref idref="fl-f6"/>
      </object_component>
      <object_component id="oc-3a1">
         <name>.debug_info</name>
         <load_address>0x2828c</load_address>
         <run_address>0x2828c</run_address>
         <size>0xb1</size>
      </object_component>
      <object_component id="oc-278">
         <name>.debug_line</name>
         <load_address>0x0</load_address>
         <run_address>0x0</run_address>
         <size>0x20</size>
         <input_file_ref idref="fl-2"/>
      </object_component>
      <object_component id="oc-1b0">
         <name>.debug_line</name>
         <load_address>0x20</load_address>
         <run_address>0x20</run_address>
         <size>0x72</size>
         <input_file_ref idref="fl-2"/>
      </object_component>
      <object_component id="oc-156">
         <name>.debug_line</name>
         <load_address>0x92</load_address>
         <run_address>0x92</run_address>
         <size>0x6f</size>
         <input_file_ref idref="fl-2"/>
      </object_component>
      <object_component id="oc-9e">
         <name>.debug_line</name>
         <load_address>0x101</load_address>
         <run_address>0x101</run_address>
         <size>0x77</size>
         <input_file_ref idref="fl-2"/>
      </object_component>
      <object_component id="oc-98">
         <name>.debug_line</name>
         <load_address>0x178</load_address>
         <run_address>0x178</run_address>
         <size>0x20</size>
         <input_file_ref idref="fl-2"/>
      </object_component>
      <object_component id="oc-af">
         <name>.debug_line</name>
         <load_address>0x198</load_address>
         <run_address>0x198</run_address>
         <size>0x72</size>
         <input_file_ref idref="fl-2"/>
      </object_component>
      <object_component id="oc-26e">
         <name>.debug_line</name>
         <load_address>0x20a</load_address>
         <run_address>0x20a</run_address>
         <size>0x73</size>
         <input_file_ref idref="fl-2"/>
      </object_component>
      <object_component id="oc-148">
         <name>.debug_line</name>
         <load_address>0x27d</load_address>
         <run_address>0x27d</run_address>
         <size>0x70</size>
         <input_file_ref idref="fl-2"/>
      </object_component>
      <object_component id="oc-160">
         <name>.debug_line</name>
         <load_address>0x2ed</load_address>
         <run_address>0x2ed</run_address>
         <size>0x75</size>
         <input_file_ref idref="fl-2"/>
      </object_component>
      <object_component id="oc-27c">
         <name>.debug_line</name>
         <load_address>0x362</load_address>
         <run_address>0x362</run_address>
         <size>0x6e</size>
         <input_file_ref idref="fl-2"/>
      </object_component>
      <object_component id="oc-17e">
         <name>.debug_line</name>
         <load_address>0x3d0</load_address>
         <run_address>0x3d0</run_address>
         <size>0x72</size>
         <input_file_ref idref="fl-2"/>
      </object_component>
      <object_component id="oc-306">
         <name>.debug_line</name>
         <load_address>0x442</load_address>
         <run_address>0x442</run_address>
         <size>0x20</size>
         <input_file_ref idref="fl-3"/>
      </object_component>
      <object_component id="oc-1bf">
         <name>.debug_line</name>
         <load_address>0x462</load_address>
         <run_address>0x462</run_address>
         <size>0x72</size>
         <input_file_ref idref="fl-3"/>
      </object_component>
      <object_component id="oc-30a">
         <name>.debug_line</name>
         <load_address>0x4d4</load_address>
         <run_address>0x4d4</run_address>
         <size>0x6e</size>
         <input_file_ref idref="fl-3"/>
      </object_component>
      <object_component id="oc-30d">
         <name>.debug_line</name>
         <load_address>0x542</load_address>
         <run_address>0x542</run_address>
         <size>0x20</size>
         <input_file_ref idref="fl-4"/>
      </object_component>
      <object_component id="oc-1c4">
         <name>.debug_line</name>
         <load_address>0x562</load_address>
         <run_address>0x562</run_address>
         <size>0x72</size>
         <input_file_ref idref="fl-4"/>
      </object_component>
      <object_component id="oc-311">
         <name>.debug_line</name>
         <load_address>0x5d4</load_address>
         <run_address>0x5d4</run_address>
         <size>0x6e</size>
         <input_file_ref idref="fl-4"/>
      </object_component>
      <object_component id="oc-314">
         <name>.debug_line</name>
         <load_address>0x642</load_address>
         <run_address>0x642</run_address>
         <size>0x20</size>
         <input_file_ref idref="fl-5"/>
      </object_component>
      <object_component id="oc-318">
         <name>.debug_line</name>
         <load_address>0x662</load_address>
         <run_address>0x662</run_address>
         <size>0x6e</size>
         <input_file_ref idref="fl-5"/>
      </object_component>
      <object_component id="oc-1c9">
         <name>.debug_line</name>
         <load_address>0x6d0</load_address>
         <run_address>0x6d0</run_address>
         <size>0x72</size>
         <input_file_ref idref="fl-5"/>
      </object_component>
      <object_component id="oc-31b">
         <name>.debug_line</name>
         <load_address>0x742</load_address>
         <run_address>0x742</run_address>
         <size>0x20</size>
         <input_file_ref idref="fl-6"/>
      </object_component>
      <object_component id="oc-31f">
         <name>.debug_line</name>
         <load_address>0x762</load_address>
         <run_address>0x762</run_address>
         <size>0x6f</size>
         <input_file_ref idref="fl-6"/>
      </object_component>
      <object_component id="oc-1ce">
         <name>.debug_line</name>
         <load_address>0x7d1</load_address>
         <run_address>0x7d1</run_address>
         <size>0x73</size>
         <input_file_ref idref="fl-6"/>
      </object_component>
      <object_component id="oc-2ed">
         <name>.debug_line</name>
         <load_address>0x844</load_address>
         <run_address>0x844</run_address>
         <size>0xdc</size>
         <input_file_ref idref="fl-7"/>
      </object_component>
      <object_component id="oc-de">
         <name>.debug_line</name>
         <load_address>0x920</load_address>
         <run_address>0x920</run_address>
         <size>0x71</size>
         <input_file_ref idref="fl-7"/>
      </object_component>
      <object_component id="oc-15b">
         <name>.debug_line</name>
         <load_address>0x991</load_address>
         <run_address>0x991</run_address>
         <size>0x74</size>
         <input_file_ref idref="fl-7"/>
      </object_component>
      <object_component id="oc-1d3">
         <name>.debug_line</name>
         <load_address>0xa05</load_address>
         <run_address>0xa05</run_address>
         <size>0x6f</size>
         <input_file_ref idref="fl-7"/>
      </object_component>
      <object_component id="oc-16a">
         <name>.debug_line</name>
         <load_address>0xa74</load_address>
         <run_address>0xa74</run_address>
         <size>0x74</size>
         <input_file_ref idref="fl-7"/>
      </object_component>
      <object_component id="oc-16f">
         <name>.debug_line</name>
         <load_address>0xae8</load_address>
         <run_address>0xae8</run_address>
         <size>0x72</size>
         <input_file_ref idref="fl-7"/>
      </object_component>
      <object_component id="oc-174">
         <name>.debug_line</name>
         <load_address>0xb5a</load_address>
         <run_address>0xb5a</run_address>
         <size>0x75</size>
         <input_file_ref idref="fl-7"/>
      </object_component>
      <object_component id="oc-179">
         <name>.debug_line</name>
         <load_address>0xbcf</load_address>
         <run_address>0xbcf</run_address>
         <size>0x75</size>
         <input_file_ref idref="fl-7"/>
      </object_component>
      <object_component id="oc-27f">
         <name>.debug_line</name>
         <load_address>0xc44</load_address>
         <run_address>0xc44</run_address>
         <size>0x20</size>
         <input_file_ref idref="fl-8"/>
      </object_component>
      <object_component id="oc-d6">
         <name>.debug_line</name>
         <load_address>0xc64</load_address>
         <run_address>0xc64</run_address>
         <size>0x101</size>
         <input_file_ref idref="fl-8"/>
      </object_component>
      <object_component id="oc-1a2">
         <name>.debug_line</name>
         <load_address>0xd65</load_address>
         <run_address>0xd65</run_address>
         <size>0x73</size>
         <input_file_ref idref="fl-8"/>
      </object_component>
      <object_component id="oc-283">
         <name>.debug_line</name>
         <load_address>0xdd8</load_address>
         <run_address>0xdd8</run_address>
         <size>0x6f</size>
         <input_file_ref idref="fl-8"/>
      </object_component>
      <object_component id="oc-2ef">
         <name>.debug_line</name>
         <load_address>0xe47</load_address>
         <run_address>0xe47</run_address>
         <size>0x20</size>
         <input_file_ref idref="fl-9"/>
      </object_component>
      <object_component id="oc-1d8">
         <name>.debug_line</name>
         <load_address>0xe67</load_address>
         <run_address>0xe67</run_address>
         <size>0x72</size>
         <input_file_ref idref="fl-9"/>
      </object_component>
      <object_component id="oc-165">
         <name>.debug_line</name>
         <load_address>0xed9</load_address>
         <run_address>0xed9</run_address>
         <size>0x72</size>
         <input_file_ref idref="fl-9"/>
      </object_component>
      <object_component id="oc-322">
         <name>.debug_line</name>
         <load_address>0xf4b</load_address>
         <run_address>0xf4b</run_address>
         <size>0x20</size>
         <input_file_ref idref="fl-a"/>
      </object_component>
      <object_component id="oc-326">
         <name>.debug_line</name>
         <load_address>0xf6b</load_address>
         <run_address>0xf6b</run_address>
         <size>0x6f</size>
         <input_file_ref idref="fl-a"/>
      </object_component>
      <object_component id="oc-1dd">
         <name>.debug_line</name>
         <load_address>0xfda</load_address>
         <run_address>0xfda</run_address>
         <size>0x73</size>
         <input_file_ref idref="fl-a"/>
      </object_component>
      <object_component id="oc-1aa">
         <name>.debug_line</name>
         <load_address>0x104d</load_address>
         <run_address>0x104d</run_address>
         <size>0x20</size>
         <input_file_ref idref="fl-c"/>
      </object_component>
      <object_component id="oc-74">
         <name>.debug_line</name>
         <load_address>0x106d</load_address>
         <run_address>0x106d</run_address>
         <size>0x205</size>
         <input_file_ref idref="fl-c"/>
      </object_component>
      <object_component id="oc-4a">
         <name>.debug_line</name>
         <load_address>0x1272</load_address>
         <run_address>0x1272</run_address>
         <size>0x20</size>
         <input_file_ref idref="fl-c"/>
      </object_component>
      <object_component id="oc-e4">
         <name>.debug_line</name>
         <load_address>0x1292</load_address>
         <run_address>0x1292</run_address>
         <size>0x81</size>
         <input_file_ref idref="fl-c"/>
      </object_component>
      <object_component id="oc-1f9">
         <name>.debug_line</name>
         <load_address>0x1313</load_address>
         <run_address>0x1313</run_address>
         <size>0x6e</size>
         <input_file_ref idref="fl-d"/>
      </object_component>
      <object_component id="oc-82">
         <name>.debug_line</name>
         <load_address>0x1381</load_address>
         <run_address>0x1381</run_address>
         <size>0x31a</size>
         <input_file_ref idref="fl-d"/>
      </object_component>
      <object_component id="oc-22">
         <name>.debug_line</name>
         <load_address>0x169b</load_address>
         <run_address>0x169b</run_address>
         <size>0x81</size>
         <input_file_ref idref="fl-d"/>
      </object_component>
      <object_component id="oc-ef">
         <name>.debug_line</name>
         <load_address>0x171c</load_address>
         <run_address>0x171c</run_address>
         <size>0x6e</size>
         <input_file_ref idref="fl-d"/>
      </object_component>
      <object_component id="oc-2f8">
         <name>.debug_line</name>
         <load_address>0x178a</load_address>
         <run_address>0x178a</run_address>
         <size>0x20</size>
         <input_file_ref idref="fl-e"/>
      </object_component>
      <object_component id="oc-2fc">
         <name>.debug_line</name>
         <load_address>0x17aa</load_address>
         <run_address>0x17aa</run_address>
         <size>0x70</size>
         <input_file_ref idref="fl-e"/>
      </object_component>
      <object_component id="oc-1e2">
         <name>.debug_line</name>
         <load_address>0x181a</load_address>
         <run_address>0x181a</run_address>
         <size>0x74</size>
         <input_file_ref idref="fl-e"/>
      </object_component>
      <object_component id="oc-1a7">
         <name>.debug_line</name>
         <load_address>0x188e</load_address>
         <run_address>0x188e</run_address>
         <size>0x75</size>
         <input_file_ref idref="fl-e"/>
      </object_component>
      <object_component id="oc-2a4">
         <name>.debug_line</name>
[...]
         <object_component_ref idref="oc-128"/>
      </symbol>
      <symbol id="sm-556">
         <name>MPU_xEventGroupClearBits</name>
         <value>0x8408</value>
         <object_component_ref idref="oc-128"/>
      </symbol>
      <symbol id="sm-557">
         <name>MPU_vEventGroupDelete</name>
         <value>0x8610</value>
         <object_component_ref idref="oc-128"/>
      </symbol>
      <symbol id="sm-558">
         <name>MPU_xTaskGetHandle</name>
         <value>0x8108</value>
         <object_component_ref idref="oc-128"/>
      </symbol>
      <symbol id="sm-559">
         <name>MPU_xEventGroupSetBits</name>
         <value>0x83b8</value>
         <object_component_ref idref="oc-128"/>
      </symbol>
      <symbol id="sm-55a">
         <name>MPU_xTaskGenericNotify</name>
         <value>0x8130</value>
         <object_component_ref idref="oc-128"/>
      </symbol>
      <symbol id="sm-55b">
         <name>MPU_xTaskNotifyWait</name>
         <value>0x8040</value>
         <object_component_ref idref="oc-128"/>
      </symbol>
      <symbol id="sm-55c">
         <name>MPU_uxQueueMessagesWaiting</name>
         <value>0x86d0</value>
         <object_component_ref idref="oc-128"/>
      </symbol>
      <symbol id="sm-55d">
         <name>MPU_xQueueGenericSend</name>
         <value>0x8248</value>
         <object_component_ref idref="oc-128"/>
      </symbol>
      <symbol id="sm-55e">
         <name>MPU_vTaskDelete</name>
         <value>0x8538</value>
         <object_component_ref idref="oc-128"/>
      </symbol>
      <symbol id="sm-55f">
         <name>MPU_xTaskResumeAll</name>
         <value>0x8020</value>
         <object_component_ref idref="oc-128"/>
      </symbol>
      <symbol id="sm-560">
         <name>MPU_xEventGroupCreate</name>
         <value>0x83e8</value>
         <object_component_ref idref="oc-128"/>
      </symbol>
      <symbol id="sm-561">
         <name>MPU_vTaskDelay</name>
         <value>0x8590</value>
         <object_component_ref idref="oc-128"/>
      </symbol>
      <symbol id="sm-562">
         <name>MPU_xTaskNotifyStateClear</name>
         <value>0x8080</value>
         <object_component_ref idref="oc-128"/>
      </symbol>
      <symbol id="sm-563">
         <name>MPU_ulTaskNotifyTake</name>
         <value>0x86f8</value>
         <object_component_ref idref="oc-128"/>
      </symbol>
      <symbol id="sm-564">
         <name>MPU_xQueueGenericCreate</name>
         <value>0x82f8</value>
         <object_component_ref idref="oc-128"/>
      </symbol>
      <symbol id="sm-565">
         <name>MPU_xTaskCheckForTimeOut</name>
         <value>0x81f0</value>
         <object_component_ref idref="oc-128"/>
      </symbol>
      <symbol id="sm-566">
         <name>MPU_eTaskGetState</name>
         <value>0x8780</value>
         <object_component_ref idref="oc-128"/>
      </symbol>
      <symbol id="sm-567">
         <name>MPU_vTaskSuspendAll</name>
         <value>0x8438</value>
         <object_component_ref idref="oc-128"/>
      </symbol>
      <symbol id="sm-568">
         <name>MPU_xTaskGetIdleTaskHandle</name>
         <value>0x80e8</value>
         <object_component_ref idref="oc-128"/>
      </symbol>
      <symbol id="sm-569">
         <name>MPU_vTaskSetThreadLocalStoragePointer</name>
         <value>0x84a8</value>
         <object_component_ref idref="oc-128"/>
      </symbol>
      <symbol id="sm-59b">
         <name>vPortStoreTaskMPUSettings</name>
         <value>0x3014</value>
         <object_component_ref idref="oc-244"/>
      </symbol>
      <symbol id="sm-59c">
         <name>ulTaskHasFPUContext</name>
         <value>0x8003014</value>
         <object_component_ref idref="oc-14d"/>
      </symbol>
      <symbol id="sm-59d">
         <name>vPortEndScheduler</name>
         <value>0x30f8</value>
         <object_component_ref idref="oc-244"/>
      </symbol>
      <symbol id="sm-59e">
         <name>ulCriticalNesting</name>
         <value>0x8003010</value>
         <object_component_ref idref="oc-14d"/>
      </symbol>
      <symbol id="sm-59f">
         <name>pxPortInitialiseStack</name>
         <value>0x3114</value>
         <object_component_ref idref="oc-244"/>
      </symbol>
      <symbol id="sm-5a0">
         <name>xPortStartScheduler</name>
         <value>0x2ff4</value>
         <object_component_ref idref="oc-244"/>
      </symbol>
      <symbol id="sm-5bb">
         <name>prvMpuSetRegion</name>
         <value>0x29bc</value>
         <object_component_ref idref="oc-a0"/>
      </symbol>
      <symbol id="sm-5bc">
         <name>vPortStartFirstTask</name>
         <value>0x2568</value>
         <object_component_ref idref="oc-a0"/>
      </symbol>
      <symbol id="sm-5bd">
         <name>vPortYeildWithinAPI</name>
         <value>0x26e4</value>
         <object_component_ref idref="oc-a0"/>
      </symbol>
      <symbol id="sm-5be">
         <name>vPortPreemptiveTick</name>
         <value>0x27d8</value>
         <object_component_ref idref="oc-a0"/>
      </symbol>
      <symbol id="sm-5bf">
         <name>prvMpuDisable</name>
         <value>0x29ec</value>
         <object_component_ref idref="oc-a0"/>
      </symbol>
      <symbol id="sm-5c0">
         <name>prvMpuEnable</name>
         <value>0x29d4</value>
         <object_component_ref idref="oc-a0"/>
      </symbol>
      <symbol id="sm-5c1">
         <name>vPortInitialiseFPSCR</name>
         <value>0x28d8</value>
         <object_component_ref idref="oc-a0"/>
      </symbol>
      <symbol id="sm-5c2">
         <name>ulPortCountLeadingZeros</name>
         <value>0x28e4</value>
         <object_component_ref idref="oc-a0"/>
      </symbol>
      <symbol id="sm-5c3">
         <name>vPortYieldProcessor</name>
         <value>0x25f8</value>
         <object_component_ref idref="oc-a0"/>
      </symbol>
      <symbol id="sm-5c4">
         <name>vPortSWI</name>
         <value>0x28ec</value>
         <object_component_ref idref="oc-a0"/>
      </symbol>
      <symbol id="sm-650">
         <name>xQueuePeekFromISR</name>
         <value>0x1c5c</value>
         <object_component_ref idref="oc-211"/>
      </symbol>
      <symbol id="sm-651">
         <name>xQueueIsQueueEmptyFromISR</name>
         <value>0x1cf4</value>
         <object_component_ref idref="oc-211"/>
      </symbol>
      <symbol id="sm-652">
         <name>xQueueGenericSendFromISR</name>
         <value>0x1e70</value>
         <object_component_ref idref="oc-211"/>
      </symbol>
      <symbol id="sm-653">
         <name>uxQueueMessagesWaiting</name>
         <value>0x253c</value>
         <object_component_ref idref="oc-211"/>
      </symbol>
      <symbol id="sm-654">
         <name>xQueueIsQueueFullFromISR</name>
         <value>0x1cc8</value>
         <object_component_ref idref="oc-211"/>
      </symbol>
      <symbol id="sm-655">
         <name>xQueueGenericCreate</name>
         <value>0x248c</value>
         <object_component_ref idref="oc-211"/>
      </symbol>
      <symbol id="sm-656">
         <name>xQueueGenericSend</name>
         <value>0x1ff0</value>
         <object_component_ref idref="oc-211"/>
      </symbol>
      <symbol id="sm-657">
         <name>xQueueGenericReset</name>
         <value>0x21b8</value>
         <object_component_ref idref="oc-211"/>
      </symbol>
      <symbol id="sm-658">
         <name>xQueueReceiveFromISR</name>
         <value>0x1bbc</value>
         <object_component_ref idref="oc-211"/>
      </symbol>
      <symbol id="sm-659">
         <name>uxQueueSpacesAvailable</name>
         <value>0x24f8</value>
         <object_component_ref idref="oc-211"/>
      </symbol>
      <symbol id="sm-65a">
         <name>xQueueGiveFromISR</name>
         <value>0x1d1c</value>
         <object_component_ref idref="oc-211"/>
      </symbol>
      <symbol id="sm-65b">
         <name>uxQueueMessagesWaitingFromISR</name>
         <value>0x2524</value>
         <object_component_ref idref="oc-211"/>
      </symbol>
      <symbol id="sm-65c">
         <name>xQueueGenericReceive</name>
         <value>0x229c</value>
         <object_component_ref idref="oc-211"/>
      </symbol>
      <symbol id="sm-65d">
         <name>vQueueDelete</name>
         <value>0x24dc</value>
         <object_component_ref idref="oc-211"/>
      </symbol>
      <symbol id="sm-7bc">
         <name>xTaskCreateRestricted</name>
         <value>0xcb4</value>
         <object_component_ref idref="oc-12e"/>
      </symbol>
      <symbol id="sm-7bd">
         <name>vTaskDelay</name>
         <value>0x1838</value>
         <object_component_ref idref="oc-12e"/>
      </symbol>
      <symbol id="sm-7be">
         <name>vTaskSuspendAll</name>
         <value>0x6ec</value>
         <object_component_ref idref="oc-12e"/>
      </symbol>
      <symbol id="sm-7bf">
         <name>vTaskPlaceOnEventList</name>
         <value>0x14c8</value>
         <object_component_ref idref="oc-12e"/>
      </symbol>
      <symbol id="sm-7c0">
         <name>pvTaskGetThreadLocalStoragePointer</name>
         <value>0x19f4</value>
         <object_component_ref idref="oc-12e"/>
      </symbol>
      <symbol id="sm-7c1">
         <name>uxTaskPriorityGetFromISR</name>
         <value>0x18d8</value>
         <object_component_ref idref="oc-12e"/>
      </symbol>
      <symbol id="sm-7c2">
         <name>ulTaskNotifyTake</name>
         <value>0x195c</value>
         <object_component_ref idref="oc-12e"/>
      </symbol>
      <symbol id="sm-7c3">
         <name>pcTaskGetName</name>
         <value>0x1afc</value>
         <object_component_ref idref="oc-12e"/>
      </symbol>
      <symbol id="sm-7c4">
         <name>xTaskCheckForTimeOut</name>
         <value>0xe10</value>
         <object_component_ref idref="oc-12e"/>
      </symbol>
      <symbol id="sm-7c5">
         <name>xTaskRemoveFromUnorderedEventList</name>
         <value>0x3a8</value>
         <object_component_ref idref="oc-12e"/>
      </symbol>
      <symbol id="sm-7c6">
         <name>vTaskPrioritySet</name>
         <value>0x1358</value>
         <object_component_ref idref="oc-12e"/>
      </symbol>
      <symbol id="sm-7c7">
         <name>vTaskAllocateMPURegions</name>
         <value>0x1894</value>
         <object_component_ref idref="oc-12e"/>
      </symbol>
      <symbol id="sm-7c8">
         <name>xTaskAbortDelay</name>
         <value>0xf74</value>
         <object_component_ref idref="oc-12e"/>
      </symbol>
      <symbol id="sm-7c9">
         <name>vTaskStartScheduler</name>
         <value>0x1224</value>
         <object_component_ref idref="oc-12e"/>
      </symbol>
      <symbol id="sm-7ca">
         <name>xTaskNotifyStateClear</name>
         <value>0xafd8</value>
         <object_component_ref idref="oc-20b"/>
      </symbol>
      <symbol id="sm-7cb">
         <name>uxTaskGetStackHighWaterMark</name>
         <value>0x193c</value>
         <object_component_ref idref="oc-12e"/>
      </symbol>
      <symbol id="sm-7cc">
         <name>vTaskSetThreadLocalStoragePointer</name>
         <value>0x1294</value>
         <object_component_ref idref="oc-12e"/>
      </symbol>
      <symbol id="sm-7cd">
         <name>xTaskGenericNotify</name>
         <value>0x95c</value>
         <object_component_ref idref="oc-12e"/>
      </symbol>
      <symbol id="sm-7ce">
         <name>xTaskCreate</name>
         <value>0xd40</value>
         <object_component_ref idref="oc-12e"/>
      </symbol>
      <symbol id="sm-7cf">
         <name>vTaskDelayUntil</name>
         <value>0x1774</value>
         <object_component_ref idref="oc-12e"/>
      </symbol>
      <symbol id="sm-7d0">
         <name>vTaskEndScheduler</name>
         <value>0x15e8</value>
         <object_component_ref idref="oc-12e"/>
      </symbol>
      <symbol id="sm-7d1">
         <name>xTaskNotifyWait</name>
         <value>0x5c0</value>
         <object_component_ref idref="oc-12e"/>
      </symbol>
      <symbol id="sm-7d2">
         <name>vTaskMissedYield</name>
         <value>0x15d8</value>
         <object_component_ref idref="oc-12e"/>
      </symbol>
      <symbol id="sm-7d3">
         <name>uxTaskGetNumberOfTasks</name>
         <value>0x1950</value>
         <object_component_ref idref="oc-12e"/>
      </symbol>
      <symbol id="sm-7d4">
         <name>xTaskGenericNotifyFromISR</name>
         <value>0x830</value>
         <object_component_ref idref="oc-12e"/>
      </symbol>
      <symbol id="sm-7d5">
         <name>uxTaskPriorityGet</name>
         <value>0x18ec</value>
         <object_component_ref idref="oc-12e"/>
      </symbol>
      <symbol id="sm-7d6">
         <name>vTaskStepTick</name>
         <value>0x11e8</value>
         <object_component_ref idref="oc-12e"/>
      </symbol>
      <symbol id="sm-7d7">
         <name>xTaskResumeAll</name>
         <value>0x278</value>
         <object_component_ref idref="oc-12e"/>
      </symbol>
      <symbol id="sm-7d8">
         <name>xTaskGetHandle</name>
         <value>0x798</value>
         <object_component_ref idref="oc-12e"/>
      </symbol>
      <symbol id="sm-7d9">
         <name>xTaskGetTickCount</name>
         <value>0x694</value>
         <object_component_ref idref="oc-12e"/>
      </symbol>
      <symbol id="sm-7da">
         <name>vTaskDelete</name>
         <value>0x1658</value>
         <object_component_ref idref="oc-12e"/>
      </symbol>
      <symbol id="sm-7db">
         <name>pxCurrentTCB</name>
         <value>0x80008d0</value>
         <object_component_ref idref="oc-14a"/>
      </symbol>
      <symbol id="sm-7dc">
         <name>vTaskNotifyGiveFromISR</name>
         <value>0x1500</value>
         <object_component_ref idref="oc-12e"/>
      </symbol>
      <symbol id="sm-7dd">
         <name>eTaskGetState</name>
         <value>0xed0</value>
         <object_component_ref idref="oc-12e"/>
      </symbol>
      <symbol id="sm-7de">
         <name>vTaskSuspend</name>
         <value>0x10d4</value>
         <object_component_ref idref="oc-12e"/>
      </symbol>
      <symbol id="sm-7df">
         <name>xTaskGetIdleTaskHandle</name>
         <value>0x6d0</value>
         <object_component_ref idref="oc-12e"/>
      </symbol>
      <symbol id="sm-7e0">
         <name>xTaskGetTickCountFromISR</name>
         <value>0x688</value>
         <object_component_ref idref="oc-12e"/>
      </symbol>
      <symbol id="sm-7e1">
         <name>vTaskResume</name>
         <value>0x12b4</value>
         <object_component_ref idref="oc-12e"/>
      </symbol>
      <symbol id="sm-7e2">
         <name>vTaskSetTimeOutState</name>
         <value>0xde0</value>
         <object_component_ref idref="oc-12e"/>
      </symbol>
      <symbol id="sm-7e3">
         <name>xTaskIncrementTick</name>
         <value>0x104</value>
         <object_component_ref idref="oc-12e"/>
      </symbol>
      <symbol id="sm-7e4">
         <name>vTaskSwitchContext</name>
         <value>0x1030</value>
         <object_component_ref idref="oc-12e"/>
      </symbol>
      <symbol id="sm-7e5">
         <name>uxTaskResetEventItemValue</name>
         <value>0x18b4</value>
         <object_component_ref idref="oc-12e"/>
      </symbol>
      <symbol id="sm-7e6">
         <name>xTaskGetSchedulerState</name>
         <value>0x6a0</value>
         <object_component_ref idref="oc-12e"/>
      </symbol>
      <symbol id="sm-7e7">
         <name>xTaskResumeFromISR</name>
         <value>0x64</value>
         <object_component_ref idref="oc-12e"/>
      </symbol>
      <symbol id="sm-7e8">
         <name>vTaskPlaceOnUnorderedEventList</name>
         <value>0x146c</value>
         <object_component_ref idref="oc-12e"/>
      </symbol>
      <symbol id="sm-7e9">
         <name>xTaskRemoveFromEventList</name>
         <value>0x448</value>
         <object_component_ref idref="oc-12e"/>
      </symbol>
      <symbol id="sm-7ea">
         <name>eTaskConfirmSleepModeStatus</name>
         <value>0x1b28</value>
         <object_component_ref idref="oc-12e"/>
      </symbol>
      <symbol id="sm-807">
         <name>memcpy</name>
         <value>0xa8b8</value>
         <object_component_ref idref="oc-4c"/>
      </symbol>
      <symbol id="sm-808">
         <name>__aeabi_memcpy</name>
         <value>0xa8b8</value>
         <object_component_ref idref="oc-4c"/>
      </symbol>
      <symbol id="sm-809">
         <name>__aeabi_memcpy8</name>
         <value>0xa8b8</value>
         <object_component_ref idref="oc-4c"/>
      </symbol>
      <symbol id="sm-80a">
         <name>__aeabi_memcpy4</name>
         <value>0xa8b8</value>
         <object_component_ref idref="oc-4c"/>
      </symbol>
      <symbol id="sm-819">
         <name>__aeabi_memset</name>
         <value>0xb088</value>
         <object_component_ref idref="oc-c6"/>
      </symbol>
      <symbol id="sm-81a">
         <name>memset</name>
         <value>0xb094</value>
         <object_component_ref idref="oc-c6"/>
      </symbol>
      <symbol id="sm-81b">
         <name>__aeabi_memset8</name>
         <value>0xb088</value>
         <object_component_ref idref="oc-c6"/>
      </symbol>
      <symbol id="sm-81c">
         <name>__aeabi_memset4</name>
         <value>0xb088</value>
         <object_component_ref idref="oc-c6"/>
      </symbol>
      <symbol id="sm-81d">
         <name>__aeabi_memclr8</name>
         <value>0xb084</value>
         <object_component_ref idref="oc-c6"/>
      </symbol>
      <symbol id="sm-81e">
         <name>__aeabi_memclr4</name>
         <value>0xb084</value>
         <object_component_ref idref="oc-c6"/>
      </symbol>
      <symbol id="sm-81f">
         <name>__aeabi_memclr</name>
         <value>0xb084</value>
         <object_component_ref idref="oc-c6"/>
      </symbol>
      <symbol id="sm-847">
         <name>__TI_auto_init_nobinit_nopinit</name>
         <value>0xb370</value>
         <object_component_ref idref="oc-f2"/>
      </symbol>
      <symbol id="sm-85a">
         <name>__TI_zero_init</name>
         <value>0xb40c</value>
         <object_component_ref idref="oc-5e"/>
      </symbol>
      <symbol id="sm-871">
         <name>__TI_decompress_none</name>
         <value>0xb3f8</value>
         <object_component_ref idref="oc-14"/>
      </symbol>
      <symbol id="sm-894">
         <name>__TI_decompress_lzss</name>
         <value>0xb274</value>
         <object_component_ref idref="oc-e"/>
      </symbol>
      <symbol id="sm-89f">
         <name>C$$EXIT</name>
         <value>0xb41c</value>
         <object_component_ref idref="oc-139"/>
      </symbol>
      <symbol id="sm-8a0">
         <name>abort</name>
         <value>0xb41c</value>
         <object_component_ref idref="oc-139"/>
      </symbol>
      <symbol id="sm-8af">
         <name>strlen</name>
         <value>0xb3d8</value>
         <object_component_ref idref="oc-23e"/>
      </symbol>
      <symbol id="sm-8b1">
         <name>__TI_static_base__</name>
         <value>0x0</value>
      </symbol>
      <symbol id="sm-8b5">
         <name>SHT$$INIT_ARRAY$$Base</name>
         <value>0x0</value>
      </symbol>
      <symbol id="sm-8b6">
         <name>SHT$$INIT_ARRAY$$Limit</name>
         <value>0x0</value>
      </symbol>
      <symbol id="sm-8b7">
         <name>_system_post_cinit</name>
         <value>0x0</value>
      </symbol>
   </symbol_table>
   <title>Link successful</title>
</link_info>
