******************************************************************************
                  TI ARM Linker PC v18.12.5                    
******************************************************************************
>> Linked Wed Feb 19 13:52:11 2020

OUTPUT FILE NAME:   <TMS570LC43_RTOS_LEDs.out>
ENTRY POINT SYMBOL: "_c_int00"  address: 0000b134


MEMORY CONFIGURATION

         name            origin    length      used     unused   attr    fill
----------------------  --------  ---------  --------  --------  ----  --------
  VECTORS               00000000   00000020  00000020  00000000     X
  KERNEL                00000020   00008000  000031b0  00004e50  R  X
  FLASH0                00008020   001f7fe0  0000360c  001f49d4  R  X
  FLASH1                00200000   00200000  00000000  00200000  R  X
  STACKS                08000000   00000800  00000000  00000800  RW  
  KRAM                  08000800   00000800  00000104  000006fc  RW  
  RAM                   08001000   0007f000  00002028  0007cfd8  RW  


SEGMENT ALLOCATION MAP

run origin  load origin   length   init length attrs members
----------  ----------- ---------- ----------- ----- -------
00000000    00000000    000031d0   000031d0    r-x
  00000000    00000000    00000020   00000020    r-x .intvecs
  00000020    00000020    00003160   00003160    r-x .kernelTEXT
  00003180    00003180    00000050   00000050    r-- .cinit
00008020    00008020    0000340c   0000340c    r-x
  00008020    00008020    0000340c   0000340c    r-x .text
0000b440    0000b440    00000200   00000200    r--
  0000b440    0000b440    00000200   00000200    r-- .const
08000800    08000800    00000104   00000000    rw-
  08000800    08000800    00000104   00000000    rw- .kernelBSS
08001000    08001000    00002028   00000000    rw-
  08001000    08001000    00002000   00000000    rw- .kernelHEAP
  08003000    08003000    00000018   00000000    rw- .data
  08003018    08003018    00000010   00000000    rw- .bss


SECTION ALLOCATION MAP

 output                                  attributes/
section   page    origin      length       input sections
--------  ----  ----------  ----------   ----------------
.intvecs   0    00000000    00000020     
                  00000000    00000020     HL_sys_intvecs.obj (.intvecs)

.kernelTEXT 
*          0    00000020    00003160     
                  00000020    00001b60     os_tasks.obj (.kernelTEXT)
                  00001b80    000009e4     os_queue.obj (.kernelTEXT)
                  00002564    000004b0     os_portasm.obj (.kernelTEXT)
                  00002a14    000003f4     os_event_groups.obj (.kernelTEXT)
                  00002e08    000001ec     os_heap.obj (.kernelTEXT)
                  00002ff4    0000018c     os_port.obj (.kernelTEXT)

.cinit     0    00003180    00000050     
                  00003180    0000000c     (__TI_handler_table)
                  0000318c    0000000b     (.cinit..data.load) [load image, compression = lzss]
                  00003197    00000009     (.cinit..kernelBSS.load) [load image, compression = lzss]
                  000031a0    00000008     (.cinit..bss.load) [load image, compression = zero_init]
                  000031a8    00000008     (.cinit..kernelHEAP.load) [load image, compression = zero_init]
                  000031b0    00000020     (__TI_cinit_table)

.text      0    00008020    0000340c     
                  00008020    00000788     os_mpu_wrappers.obj (.text)
                  000087a8    00000594     HL_system.obj (.text)
                  00008d3c    00000500     HL_pinmux.obj (.text)
                  0000923c    000004e0     HL_sys_vim.obj (.text)
                  0000971c    000003c4     HL_sys_core.obj (.text)
                  00009ae0    00000374     HL_errata_SSWF021_45.obj (.text)
                  00009e54    0000036c     HL_sys_mpu.obj (.text)
                  0000a1c0    00000368     HL_esm.obj (.text)
                  0000a528    000001e0     HL_gio.obj (.text)
                  0000a708    000001b0     HL_emif.obj (.text)
                  0000a8b8    00000180     rtsv7R4_A_be_v3D16_eabi.lib : memcpy32.asm.obj (.text)
                  0000aa38    00000178     HL_sys_vim.obj (.text:retain)
                  0000abb0    00000118     os_heap.obj (.text)
                  0000acc8    0000010c     os_list.obj (.text)
                  0000add4    000000f0     HL_sys_main.obj (.text)
                  0000aec4    000000e4     HL_esm.obj (.text:retain)
                  0000afa8    000000dc     os_tasks.obj (.text)
                  0000b084    000000b0     rtsv7R4_A_be_v3D16_eabi.lib : memset32.asm.obj (.text)
                  0000b134    000000ac     HL_sys_startup.obj (.text:retain)
                  0000b1e0    00000094     os_port.obj (.text)
                  0000b274    00000090     rtsv7R4_A_be_v3D16_eabi.lib : copy_decompress_lzss.c.obj (.text:decompress:lzss:__TI_decompress_lzss)
                  0000b304    0000006c     HL_notification.obj (.text)
                  0000b370    00000068     rtsv7R4_A_be_v3D16_eabi.lib : autoinit.c.obj (.text:__TI_auto_init_nobinit_nopinit:__TI_auto_init_nobinit_nopinit)
                  0000b3d8    00000020                                 : strlen.c.obj (.text:strlen)
                  0000b3f8    00000014                                 : copy_decompress_none.c.obj (.text:decompress:none:__TI_decompress_none)
                  0000b40c    00000010                                 : copy_zero_init.c.obj (.text:decompress:ZI:__TI_zero_init)
                  0000b41c    00000008                                 : exit.c.obj (.text:abort:abort)
                  0000b424    00000004     HL_sys_startup.obj (.text)
                  0000b428    00000004     HL_sys_phantom.obj (.text:retain)

.const     0    0000b440    00000200     
                  0000b440    00000200     HL_sys_vim.obj (.const:s_vim_init)

.kernelBSS 
*          0    08000800    00000104     UNINITIALIZED
                  08000800    000000d0     os_tasks.obj (.kernelBSS:uninit)
                  080008d0    00000034     os_tasks.obj (.kernelBSS:init)

.kernelHEAP 
*          0    08001000    00002000     UNINITIALIZED
                  08001000    00002000     os_heap.obj (.kernelHEAP)

.data      0    08003000    00000018     UNINITIALIZED
                  08003000    00000010     os_heap.obj (.data)
                  08003010    00000008     os_port.obj (.data)

.bss       0    08003018    00000010     UNINITIALIZED
                  08003018    00000008     os_heap.obj (.bss:xStart)
                  08003020    00000004     (.common:xTask1Handle)
                  08003024    00000004     (.common:xTask2Handle)

MODULE SUMMARY

       Module                       code    ro data   rw data
       ------                       ----    -------   -------
    .\source\
       os_heap.obj                  772     0         8216   
       os_tasks.obj                 7228    0         260    
       os_queue.obj                 2532    0         0      
       HL_sys_vim.obj               1624    512       0      
       os_mpu_wrappers.obj          1928    0         0      
       HL_system.obj                1428    0         0      
       HL_pinmux.obj                1280    0         0      
       os_portasm.obj               1200    0         0      
       HL_esm.obj                   1100    0         0      
       os_event_groups.obj          1012    0         0      
       HL_sys_core.obj              964     0         0      
       HL_errata_SSWF021_45.obj     884     0         0      
       HL_sys_mpu.obj               876     0         0      
       os_port.obj                  544     0         8      
       HL_gio.obj                   480     0         0      
       HL_emif.obj                  432     0         0      
       os_list.obj                  268     0         0      
       HL_sys_main.obj              240     0         8      
       HL_sys_startup.obj           176     0         0      
       HL_notification.obj          108     0         0      
       HL_sys_intvecs.obj           32      0         0      
       HL_sys_phantom.obj           4       0         0      
    +--+----------------------------+-------+---------+---------+
       Total:                       25112   512       8492   
                                                             
    C:\ti\ccs930\ccs\tools\compiler\ti-cgt-arm_18.12.5.LTS\lib\rtsv7R4_A_be_v3D16_eabi.lib
       memcpy32.asm.obj             384     0         0      
       memset32.asm.obj             176     0         0      
       copy_decompress_lzss.c.obj   144     0         0      
       autoinit.c.obj               104     0         0      
       strlen.c.obj                 32      0         0      
       copy_decompress_none.c.obj   20      0         0      
       copy_zero_init.c.obj         16      0         0      
       exit.c.obj                   8       0         0      
    +--+----------------------------+-------+---------+---------+
       Total:                       884     0         0      
                                                             
       Linker Generated:            0       80        0      
    +--+----------------------------+-------+---------+---------+
       Grand Total:                 25996   592       8492   


LINKER GENERATED COPY TABLES

__TI_cinit_table @ 000031b0 records: 4, size/record: 8, table size: 32
	.data: load addr=0000318c, load size=0000000b bytes, run addr=08003000, run size=00000018 bytes, compression=lzss
	.kernelBSS: load addr=00003197, load size=00000009 bytes, run addr=08000800, run size=00000104 bytes, compression=lzss
	.bss: load addr=000031a0, load size=00000008 bytes, run addr=08003018, run size=00000010 bytes, compression=zero_init
	.kernelHEAP: load addr=000031a8, load size=00000008 bytes, run addr=08001000, run size=00002000 bytes, compression=zero_init


LINKER GENERATED HANDLER TABLE

__TI_handler_table @ 00003180 records: 3, size/record: 4, table size: 12
	index: 0, handler: __TI_decompress_lzss
	index: 1, handler: __TI_decompress_none
	index: 2, handler: __TI_zero_init


GLOBAL SYMBOLS: SORTED ALPHABETICALLY BY Name 

address   name                                  
-------   ----                                  
0000b41c  C$$EXIT                               
00008780  MPU_eTaskGetState                     
00008758  MPU_pcTaskGetName                     
00008728  MPU_pvTaskGetThreadLocalStoragePointer
000086f8  MPU_ulTaskNotifyTake                  
000086d0  MPU_uxQueueMessagesWaiting            
000086a8  MPU_uxQueueSpacesAvailable            
00008688  MPU_uxTaskGetNumberOfTasks            
00008660  MPU_uxTaskGetStackHighWaterMark       
00008638  MPU_uxTaskPriorityGet                 
00008610  MPU_vEventGroupDelete                 
000085e8  MPU_vQueueDelete                      
000085b8  MPU_vTaskAllocateMPURegions           
00008590  MPU_vTaskDelay                        
00008560  MPU_vTaskDelayUntil                   
00008538  MPU_vTaskDelete                       
00008508  MPU_vTaskPrioritySet                  
000084e0  MPU_vTaskResume                       
000084a8  MPU_vTaskSetThreadLocalStoragePointer 
00008480  MPU_vTaskSetTimeOutState              
00008458  MPU_vTaskSuspend                      
00008438  MPU_vTaskSuspendAll                   
00008408  MPU_xEventGroupClearBits              
000083e8  MPU_xEventGroupCreate                 
000083b8  MPU_xEventGroupSetBits                
00008378  MPU_xEventGroupSync                   
00008330  MPU_xEventGroupWaitBits               
000082f8  MPU_xQueueGenericCreate               
000082b8  MPU_xQueueGenericReceive              
00008288  MPU_xQueueGenericReset                
00008248  MPU_xQueueGenericSend                 
00008220  MPU_xTaskAbortDelay                   
000081f0  MPU_xTaskCheckForTimeOut              
000081a0  MPU_xTaskCreate                       
00008170  MPU_xTaskCreateRestricted             
00008130  MPU_xTaskGenericNotify                
00008108  MPU_xTaskGetHandle                    
000080e8  MPU_xTaskGetIdleTaskHandle            
000080c8  MPU_xTaskGetSchedulerState            
000080a8  MPU_xTaskGetTickCount                 
00008080  MPU_xTaskNotifyStateClear             
00008040  MPU_xTaskNotifyWait                   
00008020  MPU_xTaskResumeAll                    
UNDEFED   SHT$$INIT_ARRAY$$Base                 
UNDEFED   SHT$$INIT_ARRAY$$Limit                
000031b0  __TI_CINIT_Base                       
000031d0  __TI_CINIT_Limit                      
00003180  __TI_Handler_Table_Base               
0000318c  __TI_Handler_Table_Limit              
00009ad8  __TI_PINIT_Base                       
00009adc  __TI_PINIT_Limit                      
0000b370  __TI_auto_init_nobinit_nopinit        
0000b274  __TI_decompress_lzss                  
0000b3f8  __TI_decompress_none                  
ffffffff  __TI_pprof_out_hndl                   
ffffffff  __TI_prof_data_size                   
ffffffff  __TI_prof_data_start                  
00000000  __TI_static_base__                    
0000b40c  __TI_zero_init                        
0000b084  __aeabi_memclr                        
0000b084  __aeabi_memclr4                       
0000b084  __aeabi_memclr8                       
0000a8b8  __aeabi_memcpy                        
0000a8b8  __aeabi_memcpy4                       
0000a8b8  __aeabi_memcpy8                       
0000b088  __aeabi_memset                        
0000b088  __aeabi_memset4                       
0000b088  __aeabi_memset8                       
ffffffff  __binit__                             
ffffffff  __c_args__                            
0000b134  _c_int00                              
00009a8c  _cacheDisable_                        
00009a48  _cacheEnable_                         
00009a28  _checkMemInitOn_                      
00009934  _coreClearAuxiliaryDataFault_         
00009948  _coreClearAuxiliaryInstructionFault_  
0000990c  _coreClearDataFaultAddress_           
000098e4  _coreClearDataFault_                  
00009920  _coreClearInstructionFaultAddress_    
000098f8  _coreClearInstructionFault_           
000098bc  _coreDisableEventBusExport_           
000098ac  _coreEnableEventBusExport_            
000098cc  _coreEnableIrqVicOffset_              
00009894  _coreEnableVfp_                       
0000992c  _coreGetAuxiliaryDataFault_           
00009940  _coreGetAuxiliaryInstructionFault_    
00009904  _coreGetDataFaultAddress_             
000098dc  _coreGetDataFault_                    
00009918  _coreGetInstructionFaultAddress_      
000098f0  _coreGetInstructionFault_             
0000971c  _coreInitRegisters_                   
00009828  _coreInitStackPointer_                
00009ab0  _dCacheInvalidate_                    
00009954  _disable_IRQ_interrupt_               
0000995c  _enable_IRQ_interrupt_                
00009964  _enable_interrupt_                    
00009d28  _errata_SSWF021_45_both_plls          
00009c64  _errata_SSWF021_45_pll1               
00009ba0  _errata_SSWF021_45_pll2               
0000996c  _esmCcmErrorsClear_                   
00009874  _getCPSRValue_                        
0000987c  _gotoCPUIdle_                         
00009ac4  _iCacheInvalidate_                    
000099f4  _memInit_                             
0000a168  _mpuAreRegionsSeparate_               
0000a14c  _mpuDisableBackgroundRegion_          
0000a124  _mpuDisable_                          
0000a13c  _mpuEnableBackgroundRegion_           
0000a10c  _mpuEnable_                           
0000a15c  _mpuGetNumberOfRegions_               
0000a18c  _mpuGetRegionBaseAddress_             
0000a1ac  _mpuGetRegionPermission_              
0000a1a0  _mpuGetRegionType_                    
0000a17c  _mpuGetRegion_                        
00009e54  _mpuInit_                             
0000a184  _mpuSetRegionBaseAddress_             
0000a1b8  _mpuSetRegionSizeRegister_            
0000a194  _mpuSetRegionTypeAndPermission_       
0000a174  _mpuSetRegion_                        
UNDEFED   _system_post_cinit                    
0000b41c  abort                                 
0000b36c  adcNotification                       
ffffffff  binit                                 
0000b368  canErrorNotification                  
0000b364  canMessageNotification                
0000b360  canStatusChangeNotification           
0000b35c  crcNotification                       
000087a8  customTrimLPO                         
0000b358  dccNotification                       
0000b354  dmaGroupANotification                 
00001b28  eTaskConfirmSleepModeStatus           
00000ed0  eTaskGetState                         
0000b350  ecapNotification                      
0000b34c  edgeNotification                      
0000b348  emacRxNotification                    
0000b344  emacTxNotification                    
0000a800  emifGetConfigValue                    
0000a7c8  emif_ASYNC1Init                       
0000a790  emif_ASYNC2Init                       
0000a758  emif_ASYNC3Init                       
0000a754  emif_SDRAMInit                        
0000a708  emif_SDRAM_StartupInit                
0000b340  epcCAMFullNotification                
0000b33c  epcFIFOFullNotification               
0000b338  eqepNotification                      
0000a4dc  esmActivateNormalOperation            
0000a4c0  esmClearStatus                        
0000a4b4  esmClearStatusBuffer                  
0000a4a8  esmClearStatusUpper                   
0000a498  esmDisableError                       
0000a48c  esmDisableErrorUpper                  
0000a47c  esmDisableInterrupt                   
0000a470  esmDisableInterruptUpper              
0000a460  esmEnableError                        
0000a454  esmEnableErrorUpper                   
0000a444  esmEnableInterrupt                    
0000a438  esmEnableInterruptUpper               
0000a3f4  esmEnterSelfTest                      
0000a3e8  esmError                              
0000a34c  esmGetConfigValue                     
0000a314  esmGetStatus                          
0000a304  esmGetStatusBuffer                    
0000a2ec  esmGetStatusUpper                     
0000b334  esmGroup1Notification                 
0000b330  esmGroup2Notification                 
0000b32c  esmGroup3Notification                 
0000aec4  esmHighInterrupt                      
0000a25c  esmInit                               
0000a230  esmSelfTestStatus                     
0000a220  esmSetCounterPreloadValue             
0000a1e8  esmSetInterruptLevel                  
0000a1d0  esmSetInterruptLevelUpper             
0000a1c0  esmTriggerErrorPinReset               
0000b328  etpwmNotification                     
0000b324  etpwmTripNotification                 
00008c3c  getResetSource                        
0000a6c4  gioDisableNotification                
0000a694  gioEnableNotification                 
0000a684  gioGetBit                             
0000a5dc  gioGetConfigValue                     
0000a5d4  gioGetPort                            
0000a578  gioInit                               
0000b320  gioNotification                       
0000a558  gioSetBit                             
0000a550  gioSetDirection                       
0000a548  gioSetPort                            
0000a528  gioToggleBit                          
0000b424  handlePLLLockFail                     
0000b31c  hetNotification                       
0000b318  i2cNotification                       
0000b314  linNotification                       
0000ae34  main                                  
000088fc  mapClocks                             
0000a8b8  memcpy                                
0000b094  memset                                
0000b310  mibspiGroupNotification               
0000b30c  mibspiNotification                    
00008d3c  muxInit                               
00001afc  pcTaskGetName                         
0000886c  periphInit                            
0000b428  phantomInterrupt                      
000029ec  prvMpuDisable                         
000029d4  prvMpuEnable                          
000029bc  prvMpuSetRegion                       
00002e98  pvPortMalloc                          
000019f4  pvTaskGetThreadLocalStoragePointer    
0000b308  pwmNotification                       
080008d0  pxCurrentTCB                          
00003114  pxPortInitialiseStack                 
00000000  resetEntry                            
0000b304  sciNotification                       
000088cc  setupFlash                            
00008820  setupPLL                              
0000b3d8  strlen                                
00008a04  systemGetConfigValue                  
000089b4  systemInit                            
00008808  systemPowerDown                       
000087b8  trimLPO                               
08003010  ulCriticalNesting                     
000028e4  ulPortCountLeadingZeros               
08003014  ulTaskHasFPUContext                   
0000195c  ulTaskNotifyTake                      
0000ad90  uxListRemove                          
0000253c  uxQueueMessagesWaiting                
00002524  uxQueueMessagesWaitingFromISR         
000024f8  uxQueueSpacesAvailable                
00001950  uxTaskGetNumberOfTasks                
0000193c  uxTaskGetStackHighWaterMark           
000018ec  uxTaskPriorityGet                     
000018d8  uxTaskPriorityGetFromISR              
000018b4  uxTaskResetEventItemValue             
00002e04  vEventGroupClearBitsCallback          
00002db4  vEventGroupDelete                     
00002db0  vEventGroupSetBitsCallback            
0000ad6c  vListInitialise                       
0000ad60  vListInitialiseItem                   
0000acf8  vListInsert                           
0000acc8  vListInsertEnd                        
000030f8  vPortEndScheduler                     
00002e24  vPortFree                             
00002e20  vPortInitialiseBlocks                 
000028d8  vPortInitialiseFPSCR                  
000027d8  vPortPreemptiveTick                   
000028ec  vPortSWI                              
00002568  vPortStartFirstTask                   
00003014  vPortStoreTaskMPUSettings             
000026e4  vPortYeildWithinAPI                   
000025f8  vPortYieldProcessor                   
000024dc  vQueueDelete                          
0000ae04  vTask1                                
0000add4  vTask2                                
00001894  vTaskAllocateMPURegions               
00001838  vTaskDelay                            
00001774  vTaskDelayUntil                       
00001658  vTaskDelete                           
000015e8  vTaskEndScheduler                     
000015d8  vTaskMissedYield                      
00001500  vTaskNotifyGiveFromISR                
000014c8  vTaskPlaceOnEventList                 
0000146c  vTaskPlaceOnUnorderedEventList        
00001358  vTaskPrioritySet                      
000012b4  vTaskResume                           
00001294  vTaskSetThreadLocalStoragePointer     
00000de0  vTaskSetTimeOutState                  
00001224  vTaskStartScheduler                   
000011e8  vTaskStepTick                         
000010d4  vTaskSuspend                          
000006ec  vTaskSuspendAll                       
00001030  vTaskSwitchContext                    
00009648  vimChannelMap                         
000095f0  vimDisableInterrupt                   
0000aa38  vimECCErrorHandler                    
000094dc  vimEnableInterrupt                    
000092a0  vimGetConfigValue                     
0000923c  vimInit                               
00002d6c  xEventGroupClearBits                  
00002d40  xEventGroupCreate                     
00002d38  xEventGroupGetBitsFromISR             
00002b80  xEventGroupSetBits                    
00002c30  xEventGroupSync                       
00002a44  xEventGroupWaitBits                   
00002e14  xPortGetFreeHeapSize                  
00002e08  xPortGetMinimumEverFreeHeapSize       
00002ff4  xPortStartScheduler                   
0000248c  xQueueGenericCreate                   
0000229c  xQueueGenericReceive                  
000021b8  xQueueGenericReset                    
00001ff0  xQueueGenericSend                     
00001e70  xQueueGenericSendFromISR              
00001d1c  xQueueGiveFromISR                     
00001cf4  xQueueIsQueueEmptyFromISR             
00001cc8  xQueueIsQueueFullFromISR              
00001c5c  xQueuePeekFromISR                     
00001bbc  xQueueReceiveFromISR                  
08003020  xTask1Handle                          
08003024  xTask2Handle                          
00000f74  xTaskAbortDelay                       
00000e10  xTaskCheckForTimeOut                  
00000d40  xTaskCreate                           
00000cb4  xTaskCreateRestricted                 
0000095c  xTaskGenericNotify                    
00000830  xTaskGenericNotifyFromISR             
00000798  xTaskGetHandle                        
000006d0  xTaskGetIdleTaskHandle                
000006a0  xTaskGetSchedulerState                
00000694  xTaskGetTickCount                     
00000688  xTaskGetTickCountFromISR              
00000104  xTaskIncrementTick                    
0000afd8  xTaskNotifyStateClear                 
000005c0  xTaskNotifyWait                       
00000448  xTaskRemoveFromEventList              
000003a8  xTaskRemoveFromUnorderedEventList     
00000278  xTaskResumeAll                        
00000064  xTaskResumeFromISR                    


GLOBAL SYMBOLS: SORTED BY Symbol Address 

address   name                                  
-------   ----                                  
00000000  __TI_static_base__                    
00000000  resetEntry                            
00000064  xTaskResumeFromISR                    
00000104  xTaskIncrementTick                    
00000278  xTaskResumeAll                        
000003a8  xTaskRemoveFromUnorderedEventList     
00000448  xTaskRemoveFromEventList              
000005c0  xTaskNotifyWait                       
00000688  xTaskGetTickCountFromISR              
00000694  xTaskGetTickCount                     
000006a0  xTaskGetSchedulerState                
000006d0  xTaskGetIdleTaskHandle                
000006ec  vTaskSuspendAll                       
00000798  xTaskGetHandle                        
00000830  xTaskGenericNotifyFromISR             
0000095c  xTaskGenericNotify                    
00000cb4  xTaskCreateRestricted                 
00000d40  xTaskCreate                           
00000de0  vTaskSetTimeOutState                  
00000e10  xTaskCheckForTimeOut                  
00000ed0  eTaskGetState                         
00000f74  xTaskAbortDelay                       
00001030  vTaskSwitchContext                    
000010d4  vTaskSuspend                          
000011e8  vTaskStepTick                         
00001224  vTaskStartScheduler                   
00001294  vTaskSetThreadLocalStoragePointer     
000012b4  vTaskResume                           
00001358  vTaskPrioritySet                      
0000146c  vTaskPlaceOnUnorderedEventList        
000014c8  vTaskPlaceOnEventList                 
00001500  vTaskNotifyGiveFromISR                
000015d8  vTaskMissedYield                      
000015e8  vTaskEndScheduler                     
00001658  vTaskDelete                           
00001774  vTaskDelayUntil                       
00001838  vTaskDelay                            
00001894  vTaskAllocateMPURegions               
000018b4  uxTaskResetEventItemValue             
000018d8  uxTaskPriorityGetFromISR              
000018ec  uxTaskPriorityGet                     
0000193c  uxTaskGetStackHighWaterMark           
00001950  uxTaskGetNumberOfTasks                
0000195c  ulTaskNotifyTake                      
000019f4  pvTaskGetThreadLocalStoragePointer    
00001afc  pcTaskGetName                         
00001b28  eTaskConfirmSleepModeStatus           
00001bbc  xQueueReceiveFromISR                  
00001c5c  xQueuePeekFromISR                     
00001cc8  xQueueIsQueueFullFromISR              
00001cf4  xQueueIsQueueEmptyFromISR             
00001d1c  xQueueGiveFromISR                     
00001e70  xQueueGenericSendFromISR              
00001ff0  xQueueGenericSend                     
000021b8  xQueueGenericReset                    
0000229c  xQueueGenericReceive                  
0000248c  xQueueGenericCreate                   
000024dc  vQueueDelete                          
000024f8  uxQueueSpacesAvailable                
00002524  uxQueueMessagesWaitingFromISR         
0000253c  uxQueueMessagesWaiting                
00002568  vPortStartFirstTask                   
000025f8  vPortYieldProcessor                   
000026e4  vPortYeildWithinAPI                   
000027d8  vPortPreemptiveTick                   
000028d8  vPortInitialiseFPSCR                  
000028e4  ulPortCountLeadingZeros               
000028ec  vPortSWI                              
000029bc  prvMpuSetRegion                       
000029d4  prvMpuEnable                          
000029ec  prvMpuDisable                         
00002a44  xEventGroupWaitBits                   
00002b80  xEventGroupSetBits                    
00002c30  xEventGroupSync                       
00002d38  xEventGroupGetBitsFromISR             
00002d40  xEventGroupCreate                     
00002d6c  xEventGroupClearBits                  
00002db0  vEventGroupSetBitsCallback            
00002db4  vEventGroupDelete                     
00002e04  vEventGroupClearBitsCallback          
00002e08  xPortGetMinimumEverFreeHeapSize       
00002e14  xPortGetFreeHeapSize                  
00002e20  vPortInitialiseBlocks                 
00002e24  vPortFree                             
00002e98  pvPortMalloc                          
00002ff4  xPortStartScheduler                   
00003014  vPortStoreTaskMPUSettings             
000030f8  vPortEndScheduler                     
00003114  pxPortInitialiseStack                 
00003180  __TI_Handler_Table_Base               
0000318c  __TI_Handler_Table_Limit              
000031b0  __TI_CINIT_Base                       
000031d0  __TI_CINIT_Limit                      
00008020  MPU_xTaskResumeAll                    
00008040  MPU_xTaskNotifyWait                   
00008080  MPU_xTaskNotifyStateClear             
000080a8  MPU_xTaskGetTickCount                 
000080c8  MPU_xTaskGetSchedulerState            
000080e8  MPU_xTaskGetIdleTaskHandle            
00008108  MPU_xTaskGetHandle                    
00008130  MPU_xTaskGenericNotify                
00008170  MPU_xTaskCreateRestricted             
000081a0  MPU_xTaskCreate                       
000081f0  MPU_xTaskCheckForTimeOut              
00008220  MPU_xTaskAbortDelay                   
00008248  MPU_xQueueGenericSend                 
00008288  MPU_xQueueGenericReset                
000082b8  MPU_xQueueGenericReceive              
000082f8  MPU_xQueueGenericCreate               
00008330  MPU_xEventGroupWaitBits               
00008378  MPU_xEventGroupSync                   
000083b8  MPU_xEventGroupSetBits                
000083e8  MPU_xEventGroupCreate                 
00008408  MPU_xEventGroupClearBits              
00008438  MPU_vTaskSuspendAll                   
00008458  MPU_vTaskSuspend                      
00008480  MPU_vTaskSetTimeOutState              
000084a8  MPU_vTaskSetThreadLocalStoragePointer 
000084e0  MPU_vTaskResume                       
00008508  MPU_vTaskPrioritySet                  
00008538  MPU_vTaskDelete                       
00008560  MPU_vTaskDelayUntil                   
00008590  MPU_vTaskDelay                        
000085b8  MPU_vTaskAllocateMPURegions           
000085e8  MPU_vQueueDelete                      
00008610  MPU_vEventGroupDelete                 
00008638  MPU_uxTaskPriorityGet                 
00008660  MPU_uxTaskGetStackHighWaterMark       
00008688  MPU_uxTaskGetNumberOfTasks            
000086a8  MPU_uxQueueSpacesAvailable            
000086d0  MPU_uxQueueMessagesWaiting            
000086f8  MPU_ulTaskNotifyTake                  
00008728  MPU_pvTaskGetThreadLocalStoragePointer
00008758  MPU_pcTaskGetName                     
00008780  MPU_eTaskGetState                     
000087a8  customTrimLPO                         
000087b8  trimLPO                               
00008808  systemPowerDown                       
00008820  setupPLL                              
0000886c  periphInit                            
000088cc  setupFlash                            
000088fc  mapClocks                             
000089b4  systemInit                            
00008a04  systemGetConfigValue                  
00008c3c  getResetSource                        
00008d3c  muxInit                               
0000923c  vimInit                               
000092a0  vimGetConfigValue                     
000094dc  vimEnableInterrupt                    
000095f0  vimDisableInterrupt                   
00009648  vimChannelMap                         
0000971c  _coreInitRegisters_                   
00009828  _coreInitStackPointer_                
00009874  _getCPSRValue_                        
0000987c  _gotoCPUIdle_                         
00009894  _coreEnableVfp_                       
000098ac  _coreEnableEventBusExport_            
000098bc  _coreDisableEventBusExport_           
000098cc  _coreEnableIrqVicOffset_              
000098dc  _coreGetDataFault_                    
000098e4  _coreClearDataFault_                  
000098f0  _coreGetInstructionFault_             
000098f8  _coreClearInstructionFault_           
00009904  _coreGetDataFaultAddress_             
0000990c  _coreClearDataFaultAddress_           
00009918  _coreGetInstructionFaultAddress_      
00009920  _coreClearInstructionFaultAddress_    
0000992c  _coreGetAuxiliaryDataFault_           
00009934  _coreClearAuxiliaryDataFault_         
00009940  _coreGetAuxiliaryInstructionFault_    
00009948  _coreClearAuxiliaryInstructionFault_  
00009954  _disable_IRQ_interrupt_               
0000995c  _enable_IRQ_interrupt_                
00009964  _enable_interrupt_                    
0000996c  _esmCcmErrorsClear_                   
000099f4  _memInit_                             
00009a28  _checkMemInitOn_                      
00009a48  _cacheEnable_                         
00009a8c  _cacheDisable_                        
00009ab0  _dCacheInvalidate_                    
00009ac4  _iCacheInvalidate_                    
00009ad8  __TI_PINIT_Base                       
00009adc  __TI_PINIT_Limit                      
00009ba0  _errata_SSWF021_45_pll2               
00009c64  _errata_SSWF021_45_pll1               
00009d28  _errata_SSWF021_45_both_plls          
00009e54  _mpuInit_                             
0000a10c  _mpuEnable_                           
0000a124  _mpuDisable_                          
0000a13c  _mpuEnableBackgroundRegion_           
0000a14c  _mpuDisableBackgroundRegion_          
0000a15c  _mpuGetNumberOfRegions_               
0000a168  _mpuAreRegionsSeparate_               
0000a174  _mpuSetRegion_                        
0000a17c  _mpuGetRegion_                        
0000a184  _mpuSetRegionBaseAddress_             
0000a18c  _mpuGetRegionBaseAddress_             
0000a194  _mpuSetRegionTypeAndPermission_       
0000a1a0  _mpuGetRegionType_                    
0000a1ac  _mpuGetRegionPermission_              
0000a1b8  _mpuSetRegionSizeRegister_            
0000a1c0  esmTriggerErrorPinReset               
0000a1d0  esmSetInterruptLevelUpper             
0000a1e8  esmSetInterruptLevel                  
0000a220  esmSetCounterPreloadValue             
0000a230  esmSelfTestStatus                     
0000a25c  esmInit                               
0000a2ec  esmGetStatusUpper                     
0000a304  esmGetStatusBuffer                    
0000a314  esmGetStatus                          
0000a34c  esmGetConfigValue                     
0000a3e8  esmError                              
0000a3f4  esmEnterSelfTest                      
0000a438  esmEnableInterruptUpper               
0000a444  esmEnableInterrupt                    
0000a454  esmEnableErrorUpper                   
0000a460  esmEnableError                        
0000a470  esmDisableInterruptUpper              
0000a47c  esmDisableInterrupt                   
0000a48c  esmDisableErrorUpper                  
0000a498  esmDisableError                       
0000a4a8  esmClearStatusUpper                   
0000a4b4  esmClearStatusBuffer                  
0000a4c0  esmClearStatus                        
0000a4dc  esmActivateNormalOperation            
0000a528  gioToggleBit                          
0000a548  gioSetPort                            
0000a550  gioSetDirection                       
0000a558  gioSetBit                             
0000a578  gioInit                               
0000a5d4  gioGetPort                            
0000a5dc  gioGetConfigValue                     
0000a684  gioGetBit                             
0000a694  gioEnableNotification                 
0000a6c4  gioDisableNotification                
0000a708  emif_SDRAM_StartupInit                
0000a754  emif_SDRAMInit                        
0000a758  emif_ASYNC3Init                       
0000a790  emif_ASYNC2Init                       
0000a7c8  emif_ASYNC1Init                       
0000a800  emifGetConfigValue                    
0000a8b8  __aeabi_memcpy                        
0000a8b8  __aeabi_memcpy4                       
0000a8b8  __aeabi_memcpy8                       
0000a8b8  memcpy                                
0000aa38  vimECCErrorHandler                    
0000acc8  vListInsertEnd                        
0000acf8  vListInsert                           
0000ad60  vListInitialiseItem                   
0000ad6c  vListInitialise                       
0000ad90  uxListRemove                          
0000add4  vTask2                                
0000ae04  vTask1                                
0000ae34  main                                  
0000aec4  esmHighInterrupt                      
0000afd8  xTaskNotifyStateClear                 
0000b084  __aeabi_memclr                        
0000b084  __aeabi_memclr4                       
0000b084  __aeabi_memclr8                       
0000b088  __aeabi_memset                        
0000b088  __aeabi_memset4                       
0000b088  __aeabi_memset8                       
0000b094  memset                                
0000b134  _c_int00                              
0000b274  __TI_decompress_lzss                  
0000b304  sciNotification                       
0000b308  pwmNotification                       
0000b30c  mibspiNotification                    
0000b310  mibspiGroupNotification               
0000b314  linNotification                       
0000b318  i2cNotification                       
0000b31c  hetNotification                       
0000b320  gioNotification                       
0000b324  etpwmTripNotification                 
0000b328  etpwmNotification                     
0000b32c  esmGroup3Notification                 
0000b330  esmGroup2Notification                 
0000b334  esmGroup1Notification                 
0000b338  eqepNotification                      
0000b33c  epcFIFOFullNotification               
0000b340  epcCAMFullNotification                
0000b344  emacTxNotification                    
0000b348  emacRxNotification                    
0000b34c  edgeNotification                      
0000b350  ecapNotification                      
0000b354  dmaGroupANotification                 
0000b358  dccNotification                       
0000b35c  crcNotification                       
0000b360  canStatusChangeNotification           
0000b364  canMessageNotification                
0000b368  canErrorNotification                  
0000b36c  adcNotification                       
0000b370  __TI_auto_init_nobinit_nopinit        
0000b3d8  strlen                                
0000b3f8  __TI_decompress_none                  
0000b40c  __TI_zero_init                        
0000b41c  C$$EXIT                               
0000b41c  abort                                 
0000b424  handlePLLLockFail                     
0000b428  phantomInterrupt                      
080008d0  pxCurrentTCB                          
08003010  ulCriticalNesting                     
08003014  ulTaskHasFPUContext                   
08003020  xTask1Handle                          
08003024  xTask2Handle                          
ffffffff  __TI_pprof_out_hndl                   
ffffffff  __TI_prof_data_size                   
ffffffff  __TI_prof_data_start                  
ffffffff  __binit__                             
ffffffff  __c_args__                            
ffffffff  binit                                 
UNDEFED   SHT$$INIT_ARRAY$$Base                 
UNDEFED   SHT$$INIT_ARRAY$$Limit                
UNDEFED   _system_post_cinit                    

[314 symbols]
